[2026-09-13 11:00:57,765] INFO [QuorumController id=1] In the last 60000 ms period, 325 controller events were completed, which took an average of 10.40 ms each. The slowest event was writeNoOpRecord(799132362), which took 41.04 ms. (org.apache.kafka.controller.EventPerformanceMonitor)
[2026-09-13 11:01:57,771] INFO [QuorumController id=1] In the last 60000 ms period, 324 controller events were completed, which took an average of 10.28 ms each. The slowest event was writeNoOpRecord(1605877544), which took 34.78 ms. (org.apache.kafka.controller.EventPerformanceMonitor)
[2026-09-13 11:02:57,682] INFO [QuorumController id=1] Periodic task electPreferred generated 0 records in 15 microseconds. (org.apache.kafka.controller.PeriodicTaskControlManager)
[2026-09-13 11:02:57,688] INFO [QuorumController id=1] Periodic task electUnclean generated 0 records in 15 microseconds. (org.apache.kafka.controller.PeriodicTaskControlManager)
[2026-09-13 11:02:57,774] INFO [QuorumController id=1] In the last 60000 ms period, 326 controller events were completed, which took an average of 10.27 ms each. The slowest event was writeNoOpRecord(547341659), which took 33.35 ms. (org.apache.kafka.controller.EventPerformanceMonitor)
[2026-09-13 11:03:57,774] INFO [QuorumController id=1] In the last 60000 ms period, 324 controller events were completed, which took an average of 10.98 ms each. The slowest event was writeNoOpRecord(1671083884), which took 35.81 ms. (org.apache.kafka.controller.EventPerformanceMonitor)
[2026-09-13 11:04:57,780] INFO [QuorumController id=1] In the last 60000 ms period, 324 controller events were completed, which took an average of 10.53 ms each. The slowest event was writeNoOpRecord(1310435945), which took 44.18 ms. (org.apache.kafka.controller.EventPerformanceMonitor)
[2026-09-13 11:05:57,785] INFO [QuorumController id=1] In the last 60000 ms period, 324 controller events were completed, which took an average of 10.31 ms each. The slowest event was writeNoOpRecord(1854871928), which took 33.53 ms. (org.apache.kafka.controller.EventPerformanceMonitor)
[2026-09-13 11:06:57,792] INFO [QuorumController id=1] In the last 60000 ms period, 325 controller events were completed, which took an average of 10.37 ms each. The slowest event was writeNoOpRecord(861851409), which took 34.40 ms. (org.apache.kafka.controller.EventPerformanceMonitor)
[2026-09-13 11:07:57,688] INFO [QuorumController id=1] Periodic task electPreferred generated 0 records in 33 microseconds. (org.apache.kafka.controller.PeriodicTaskControlManager)
[2026-09-13 11:07:57,694] INFO [QuorumController id=1] Periodic task electUnclean generated 0 records in 27 microseconds. (org.apache.kafka.controller.PeriodicTaskControlManager)
[2026-09-13 11:07:57,803] INFO [QuorumController id=1] In the last 60000 ms period, 326 controller events were completed, which took an average of 10.37 ms each. The slowest event was writeNoOpRecord(1707044120), which took 34.27 ms. (org.apache.kafka.controller.EventPerformanceMonitor)
[2026-09-13 11:08:57,803] INFO [QuorumController id=1] In the last 60000 ms period, 324 controller events were completed, which took an average of 10.53 ms each. The slowest event was writeNoOpRecord(492520407), which took 32.98 ms. (org.apache.kafka.controller.EventPerformanceMonitor)
[2026-09-13 11:09:42,230] INFO [QuorumController id=1] Unfenced broker 1 has requested and been granted a controlled shutdown. (org.apache.kafka.controller.BrokerHeartbeatManager)
[2026-09-13 11:09:42,258] INFO [QuorumController id=1] enterControlledShutdown[1]: changing 56 partition(s) (org.apache.kafka.controller.ReplicationControlManager)
[2026-09-13 11:09:42,266] INFO [QuorumController id=1] Replayed BrokerRegistrationChangeRecord modifying the registration for broker 1: BrokerRegistrationChangeRecord(brokerId=1, brokerEpoch=35716, fenced=0, inControlledShutdown=1, logDirs=[], cordonedLogDirs=null) (org.apache.kafka.controller.ClusterControlManager)
[2026-09-13 11:09:42,340] INFO [QuorumController id=1] The request from broker 1 to shut down has been granted since the lowest active offset 9223372036854775807 is now greater than the broker's controlled shutdown offset 55832. (org.apache.kafka.controller.BrokerHeartbeatManager)
[2026-09-13 11:09:42,340] INFO [QuorumController id=1] Replayed BrokerRegistrationChangeRecord modifying the registration for broker 1: BrokerRegistrationChangeRecord(brokerId=1, brokerEpoch=35716, fenced=1, inControlledShutdown=0, logDirs=[], cordonedLogDirs=null) (org.apache.kafka.controller.ClusterControlManager)
[2026-09-13 11:09:43,059] INFO [QuorumController id=1] writeNoOpRecord: event unable to start processing because of RejectedExecutionException (treated as TimeoutException). Exception message: The event queue is shutting down (org.apache.kafka.controller.QuorumController)
[2026-09-13 11:09:43,059] INFO [QuorumController id=1] maybeFenceStaleBroker: event unable to start processing because of RejectedExecutionException (treated as TimeoutException). Exception message: The event queue is shutting down (org.apache.kafka.controller.QuorumController)
[2026-09-13 11:09:43,059] INFO [QuorumController id=1] generatePeriodicPerformanceMessage: event unable to start processing because of RejectedExecutionException (treated as TimeoutException). Exception message: The event queue is shutting down (org.apache.kafka.controller.QuorumController)
[2026-09-13 11:09:43,059] INFO [QuorumController id=1] electPreferred: event unable to start processing because of RejectedExecutionException (treated as TimeoutException). Exception message: The event queue is shutting down (org.apache.kafka.controller.QuorumController)
[2026-09-13 11:09:43,059] INFO [QuorumController id=1] electUnclean: event unable to start processing because of RejectedExecutionException (treated as TimeoutException). Exception message: The event queue is shutting down (org.apache.kafka.controller.QuorumController)
[2026-09-13 11:09:43,059] INFO [QuorumController id=1] expireDelegationTokens: event unable to start processing because of RejectedExecutionException (treated as TimeoutException). Exception message: The event queue is shutting down (org.apache.kafka.controller.QuorumController)
