[2026-09-13T08:22:54.579+0530][gc] Using G1
[2026-09-13T08:22:54.586+0530][gc,init] Version: 17.0.19+10-1-24.04.2-Ubuntu (release)
[2026-09-13T08:22:54.586+0530][gc,init] CPUs: 12 total, 12 available
[2026-09-13T08:22:54.586+0530][gc,init] Memory: 15629M
[2026-09-13T08:22:54.586+0530][gc,init] Large Page Support: Disabled
[2026-09-13T08:22:54.586+0530][gc,init] NUMA Support: Disabled
[2026-09-13T08:22:54.586+0530][gc,init] Compressed Oops: Enabled (32-bit)
[2026-09-13T08:22:54.586+0530][gc,init] Heap Region Size: 1M
[2026-09-13T08:22:54.586+0530][gc,init] Heap Min Capacity: 1G
[2026-09-13T08:22:54.586+0530][gc,init] Heap Initial Capacity: 1G
[2026-09-13T08:22:54.586+0530][gc,init] Heap Max Capacity: 1G
[2026-09-13T08:22:54.586+0530][gc,init] Pre-touch: Disabled
[2026-09-13T08:22:54.586+0530][gc,init] Parallel Workers: 10
[2026-09-13T08:22:54.586+0530][gc,init] Concurrent Workers: 3
[2026-09-13T08:22:54.586+0530][gc,init] Concurrent Refinement Workers: 10
[2026-09-13T08:22:54.586+0530][gc,init] Periodic GC: Disabled
[2026-09-13T08:22:54.595+0530][gc,metaspace] CDS archive(s) mapped at: [0x000079926f000000-0x000079926fbc7000-0x000079926fbc7000), size 12349440, SharedBaseAddress: 0x000079926f000000, ArchiveRelocationMode: 1.
[2026-09-13T08:22:54.595+0530][gc,metaspace] Compressed class space mapped at: 0x0000799270000000-0x00007992b0000000, reserved size: 1073741824
[2026-09-13T08:22:54.595+0530][gc,metaspace] Narrow klass base: 0x000079926f000000, Narrow klass shift: 0, Narrow klass range: 0x100000000
[2026-09-13T08:22:55.350+0530][gc,start    ] GC(0) Pause Young (Normal) (G1 Evacuation Pause)
[2026-09-13T08:22:55.351+0530][gc,task     ] GC(0) Using 10 workers of 10 for evacuation
[2026-09-13T08:22:55.354+0530][gc,phases   ] GC(0)   Pre Evacuate Collection Set: 0.17ms
[2026-09-13T08:22:55.354+0530][gc,phases   ] GC(0)   Merge Heap Roots: 0.05ms
[2026-09-13T08:22:55.354+0530][gc,phases   ] GC(0)   Evacuate Collection Set: 2.16ms
[2026-09-13T08:22:55.354+0530][gc,phases   ] GC(0)   Post Evacuate Collection Set: 0.46ms
[2026-09-13T08:22:55.354+0530][gc,phases   ] GC(0)   Other: 1.54ms
[2026-09-13T08:22:55.354+0530][gc,heap     ] GC(0) Eden regions: 51->0(44)
[2026-09-13T08:22:55.354+0530][gc,heap     ] GC(0) Survivor regions: 0->7(7)
[2026-09-13T08:22:55.354+0530][gc,heap     ] GC(0) Old regions: 0->1
[2026-09-13T08:22:55.354+0530][gc,heap     ] GC(0) Archive regions: 2->2
[2026-09-13T08:22:55.354+0530][gc,heap     ] GC(0) Humongous regions: 1->1
[2026-09-13T08:22:55.354+0530][gc,metaspace] GC(0) Metaspace: 16595K(16768K)->16595K(16768K) NonClass: 14665K(14784K)->14665K(14784K) Class: 1929K(1984K)->1929K(1984K)
[2026-09-13T08:22:55.354+0530][gc          ] GC(0) Pause Young (Normal) (G1 Evacuation Pause) 52M->9M(1024M) 4.494ms
[2026-09-13T08:22:55.354+0530][gc,cpu      ] GC(0) User=0.02s Sys=0.01s Real=0.01s
[2026-09-13T08:22:55.606+0530][gc,start    ] GC(1) Pause Young (Concurrent Start) (Metadata GC Threshold)
[2026-09-13T08:22:55.606+0530][gc,task     ] GC(1) Using 10 workers of 10 for evacuation
[2026-09-13T08:22:55.609+0530][gc,phases   ] GC(1)   Pre Evacuate Collection Set: 0.20ms
[2026-09-13T08:22:55.609+0530][gc,phases   ] GC(1)   Merge Heap Roots: 0.03ms
[2026-09-13T08:22:55.609+0530][gc,phases   ] GC(1)   Evacuate Collection Set: 2.30ms
[2026-09-13T08:22:55.609+0530][gc,phases   ] GC(1)   Post Evacuate Collection Set: 0.51ms
[2026-09-13T08:22:55.609+0530][gc,phases   ] GC(1)   Other: 0.20ms
[2026-09-13T08:22:55.610+0530][gc,heap     ] GC(1) Eden regions: 15->0(49)
[2026-09-13T08:22:55.610+0530][gc,heap     ] GC(1) Survivor regions: 7->2(7)
[2026-09-13T08:22:55.610+0530][gc,heap     ] GC(1) Old regions: 1->8
[2026-09-13T08:22:55.610+0530][gc,heap     ] GC(1) Archive regions: 2->2
[2026-09-13T08:22:55.610+0530][gc,heap     ] GC(1) Humongous regions: 1->1
[2026-09-13T08:22:55.610+0530][gc,metaspace] GC(1) Metaspace: 21260K(21504K)->21260K(21504K) NonClass: 18602K(18688K)->18602K(18688K) Class: 2657K(2816K)->2657K(2816K)
[2026-09-13T08:22:55.610+0530][gc          ] GC(1) Pause Young (Concurrent Start) (Metadata GC Threshold) 24M->11M(1024M) 3.353ms
[2026-09-13T08:22:55.610+0530][gc,cpu      ] GC(1) User=0.02s Sys=0.00s Real=0.00s
[2026-09-13T08:22:55.610+0530][gc          ] GC(2) Concurrent Mark Cycle
[2026-09-13T08:22:55.610+0530][gc,marking  ] GC(2) Concurrent Clear Claimed Marks
[2026-09-13T08:22:55.610+0530][gc,marking  ] GC(2) Concurrent Clear Claimed Marks 0.023ms
[2026-09-13T08:22:55.610+0530][gc,marking  ] GC(2) Concurrent Scan Root Regions
[2026-09-13T08:22:55.611+0530][gc,marking  ] GC(2) Concurrent Scan Root Regions 1.522ms
[2026-09-13T08:22:55.611+0530][gc,marking  ] GC(2) Concurrent Mark
[2026-09-13T08:22:55.611+0530][gc,marking  ] GC(2) Concurrent Mark From Roots
[2026-09-13T08:22:55.611+0530][gc,task     ] GC(2) Using 3 workers of 3 for marking
[2026-09-13T08:22:55.613+0530][gc,marking  ] GC(2) Concurrent Mark From Roots 1.249ms
[2026-09-13T08:22:55.613+0530][gc,marking  ] GC(2) Concurrent Preclean
[2026-09-13T08:22:55.613+0530][gc,marking  ] GC(2) Concurrent Preclean 0.083ms
[2026-09-13T08:22:55.613+0530][gc,start    ] GC(2) Pause Remark
[2026-09-13T08:22:55.615+0530][gc          ] GC(2) Pause Remark 11M->11M(1024M) 1.792ms
[2026-09-13T08:22:55.615+0530][gc,cpu      ] GC(2) User=0.00s Sys=0.00s Real=0.00s
[2026-09-13T08:22:55.615+0530][gc,marking  ] GC(2) Concurrent Mark 3.433ms
[2026-09-13T08:22:55.615+0530][gc,marking  ] GC(2) Concurrent Rebuild Remembered Sets
[2026-09-13T08:22:55.616+0530][gc,marking  ] GC(2) Concurrent Rebuild Remembered Sets 1.240ms
[2026-09-13T08:22:55.616+0530][gc,start    ] GC(2) Pause Cleanup
[2026-09-13T08:22:55.616+0530][gc          ] GC(2) Pause Cleanup 11M->11M(1024M) 0.181ms
[2026-09-13T08:22:55.616+0530][gc,cpu      ] GC(2) User=0.00s Sys=0.00s Real=0.00s
[2026-09-13T08:22:55.616+0530][gc,marking  ] GC(2) Concurrent Cleanup for Next Mark
[2026-09-13T08:22:55.619+0530][gc,marking  ] GC(2) Concurrent Cleanup for Next Mark 2.731ms
[2026-09-13T08:22:55.619+0530][gc          ] GC(2) Concurrent Mark Cycle 9.541ms
[2026-09-13T08:22:56.190+0530][gc,start    ] GC(3) Pause Young (Normal) (G1 Evacuation Pause)
[2026-09-13T08:22:56.190+0530][gc,task     ] GC(3) Using 10 workers of 10 for evacuation
[2026-09-13T08:22:56.193+0530][gc,phases   ] GC(3)   Pre Evacuate Collection Set: 0.20ms
[2026-09-13T08:22:56.193+0530][gc,phases   ] GC(3)   Merge Heap Roots: 0.21ms
[2026-09-13T08:22:56.193+0530][gc,phases   ] GC(3)   Evacuate Collection Set: 2.16ms
[2026-09-13T08:22:56.193+0530][gc,phases   ] GC(3)   Post Evacuate Collection Set: 0.79ms
[2026-09-13T08:22:56.193+0530][gc,phases   ] GC(3)   Other: 0.10ms
[2026-09-13T08:22:56.193+0530][gc,heap     ] GC(3) Eden regions: 49->0(45)
[2026-09-13T08:22:56.193+0530][gc,heap     ] GC(3) Survivor regions: 2->6(7)
[2026-09-13T08:22:56.193+0530][gc,heap     ] GC(3) Old regions: 8->8
[2026-09-13T08:22:56.193+0530][gc,heap     ] GC(3) Archive regions: 2->2
[2026-09-13T08:22:56.193+0530][gc,heap     ] GC(3) Humongous regions: 1->1
[2026-09-13T08:22:56.193+0530][gc,metaspace] GC(3) Metaspace: 31442K(31744K)->31442K(31744K) NonClass: 27769K(27904K)->27769K(27904K) Class: 3673K(3840K)->3673K(3840K)
[2026-09-13T08:22:56.193+0530][gc          ] GC(3) Pause Young (Normal) (G1 Evacuation Pause) 60M->14M(1024M) 3.558ms
[2026-09-13T08:22:56.193+0530][gc,cpu      ] GC(3) User=0.02s Sys=0.00s Real=0.01s
[2026-09-13T08:22:56.487+0530][gc,start    ] GC(4) Pause Young (Concurrent Start) (Metadata GC Threshold)
[2026-09-13T08:22:56.487+0530][gc,task     ] GC(4) Using 10 workers of 10 for evacuation
[2026-09-13T08:22:56.494+0530][gc,phases   ] GC(4)   Pre Evacuate Collection Set: 0.22ms
[2026-09-13T08:22:56.495+0530][gc,phases   ] GC(4)   Merge Heap Roots: 0.06ms
[2026-09-13T08:22:56.495+0530][gc,phases   ] GC(4)   Evacuate Collection Set: 6.49ms
[2026-09-13T08:22:56.495+0530][gc,phases   ] GC(4)   Post Evacuate Collection Set: 0.65ms
[2026-09-13T08:22:56.495+0530][gc,phases   ] GC(4)   Other: 0.19ms
[2026-09-13T08:22:56.495+0530][gc,heap     ] GC(4) Eden regions: 28->0(47)
[2026-09-13T08:22:56.495+0530][gc,heap     ] GC(4) Survivor regions: 6->4(7)
[2026-09-13T08:22:56.495+0530][gc,heap     ] GC(4) Old regions: 8->13
[2026-09-13T08:22:56.495+0530][gc,heap     ] GC(4) Archive regions: 2->2
[2026-09-13T08:22:56.495+0530][gc,heap     ] GC(4) Humongous regions: 10->10
[2026-09-13T08:22:56.495+0530][gc,metaspace] GC(4) Metaspace: 35483K(35968K)->35483K(35968K) NonClass: 31316K(31552K)->31316K(31552K) Class: 4167K(4416K)->4167K(4416K)
[2026-09-13T08:22:56.495+0530][gc          ] GC(4) Pause Young (Concurrent Start) (Metadata GC Threshold) 51M->26M(1024M) 7.781ms
[2026-09-13T08:22:56.495+0530][gc,cpu      ] GC(4) User=0.03s Sys=0.01s Real=0.01s
[2026-09-13T08:22:56.495+0530][gc          ] GC(5) Concurrent Mark Cycle
[2026-09-13T08:22:56.495+0530][gc,marking  ] GC(5) Concurrent Clear Claimed Marks
[2026-09-13T08:22:56.495+0530][gc,marking  ] GC(5) Concurrent Clear Claimed Marks 0.093ms
[2026-09-13T08:22:56.495+0530][gc,marking  ] GC(5) Concurrent Scan Root Regions
[2026-09-13T08:22:56.497+0530][gc,marking  ] GC(5) Concurrent Scan Root Regions 2.452ms
[2026-09-13T08:22:56.497+0530][gc,marking  ] GC(5) Concurrent Mark
[2026-09-13T08:22:56.497+0530][gc,marking  ] GC(5) Concurrent Mark From Roots
[2026-09-13T08:22:56.497+0530][gc,task     ] GC(5) Using 3 workers of 3 for marking
[2026-09-13T08:22:56.502+0530][gc,marking  ] GC(5) Concurrent Mark From Roots 4.368ms
[2026-09-13T08:22:56.502+0530][gc,marking  ] GC(5) Concurrent Preclean
[2026-09-13T08:22:56.502+0530][gc,marking  ] GC(5) Concurrent Preclean 0.099ms
[2026-09-13T08:22:56.502+0530][gc,start    ] GC(5) Pause Remark
[2026-09-13T08:22:56.503+0530][gc          ] GC(5) Pause Remark 28M->28M(1024M) 1.082ms
[2026-09-13T08:22:56.504+0530][gc,cpu      ] GC(5) User=0.01s Sys=0.00s Real=0.00s
[2026-09-13T08:22:56.504+0530][gc,marking  ] GC(5) Concurrent Mark 6.444ms
[2026-09-13T08:22:56.504+0530][gc,marking  ] GC(5) Concurrent Rebuild Remembered Sets
[2026-09-13T08:22:56.510+0530][gc,marking  ] GC(5) Concurrent Rebuild Remembered Sets 5.972ms
[2026-09-13T08:22:56.510+0530][gc,start    ] GC(5) Pause Cleanup
[2026-09-13T08:22:56.510+0530][gc          ] GC(5) Pause Cleanup 29M->29M(1024M) 0.195ms
[2026-09-13T08:22:56.510+0530][gc,cpu      ] GC(5) User=0.00s Sys=0.00s Real=0.00s
[2026-09-13T08:22:56.510+0530][gc,marking  ] GC(5) Concurrent Cleanup for Next Mark
[2026-09-13T08:22:56.516+0530][gc,marking  ] GC(5) Concurrent Cleanup for Next Mark 5.807ms
[2026-09-13T08:22:56.516+0530][gc          ] GC(5) Concurrent Mark Cycle 21.336ms
[2026-09-13T08:22:56.835+0530][gc,start    ] GC(6) Pause Young (Normal) (G1 Evacuation Pause)
[2026-09-13T08:22:56.835+0530][gc,task     ] GC(6) Using 10 workers of 10 for evacuation
[2026-09-13T08:22:56.841+0530][gc,phases   ] GC(6)   Pre Evacuate Collection Set: 0.16ms
[2026-09-13T08:22:56.841+0530][gc,phases   ] GC(6)   Merge Heap Roots: 0.14ms
[2026-09-13T08:22:56.841+0530][gc,phases   ] GC(6)   Evacuate Collection Set: 4.32ms
[2026-09-13T08:22:56.841+0530][gc,phases   ] GC(6)   Post Evacuate Collection Set: 0.56ms
[2026-09-13T08:22:56.841+0530][gc,phases   ] GC(6)   Other: 0.16ms
[2026-09-13T08:22:56.841+0530][gc,heap     ] GC(6) Eden regions: 47->0(44)
[2026-09-13T08:22:56.841+0530][gc,heap     ] GC(6) Survivor regions: 4->7(7)
[2026-09-13T08:22:56.841+0530][gc,heap     ] GC(6) Old regions: 13->15
[2026-09-13T08:22:56.841+0530][gc,heap     ] GC(6) Archive regions: 2->2
[2026-09-13T08:22:56.841+0530][gc,heap     ] GC(6) Humongous regions: 10->10
[2026-09-13T08:22:56.841+0530][gc,metaspace] GC(6) Metaspace: 41087K(41856K)->41087K(41856K) NonClass: 36248K(36672K)->36248K(36672K) Class: 4838K(5184K)->4838K(5184K)
[2026-09-13T08:22:56.841+0530][gc          ] GC(6) Pause Young (Normal) (G1 Evacuation Pause) 73M->32M(1024M) 5.402ms
[2026-09-13T08:22:56.841+0530][gc,cpu      ] GC(6) User=0.03s Sys=0.01s Real=0.00s
[2026-09-13T08:22:57.660+0530][gc,start    ] GC(7) Pause Young (Normal) (G1 Evacuation Pause)
[2026-09-13T08:22:57.660+0530][gc,task     ] GC(7) Using 10 workers of 10 for evacuation
[2026-09-13T08:22:57.665+0530][gc,phases   ] GC(7)   Pre Evacuate Collection Set: 0.25ms
[2026-09-13T08:22:57.665+0530][gc,phases   ] GC(7)   Merge Heap Roots: 0.09ms
[2026-09-13T08:22:57.665+0530][gc,phases   ] GC(7)   Evacuate Collection Set: 3.37ms
[2026-09-13T08:22:57.665+0530][gc,phases   ] GC(7)   Post Evacuate Collection Set: 0.50ms
[2026-09-13T08:22:57.665+0530][gc,phases   ] GC(7)   Other: 0.18ms
[2026-09-13T08:22:57.665+0530][gc,heap     ] GC(7) Eden regions: 44->0(47)
[2026-09-13T08:22:57.665+0530][gc,heap     ] GC(7) Survivor regions: 7->4(7)
[2026-09-13T08:22:57.665+0530][gc,heap     ] GC(7) Old regions: 15->22
[2026-09-13T08:22:57.665+0530][gc,heap     ] GC(7) Archive regions: 2->2
[2026-09-13T08:22:57.665+0530][gc,heap     ] GC(7) Humongous regions: 157->145
[2026-09-13T08:22:57.665+0530][gc,metaspace] GC(7) Metaspace: 46102K(47104K)->46102K(47104K) NonClass: 40573K(41088K)->40573K(41088K) Class: 5528K(6016K)->5528K(6016K)
[2026-09-13T08:22:57.665+0530][gc          ] GC(7) Pause Young (Normal) (G1 Evacuation Pause) 223M->171M(1024M) 4.488ms
[2026-09-13T08:22:57.665+0530][gc,cpu      ] GC(7) User=0.03s Sys=0.01s Real=0.01s
[2026-09-13T08:26:07.261+0530][gc,start    ] GC(8) Pause Young (Normal) (G1 Evacuation Pause)
[2026-09-13T08:26:07.261+0530][gc,task     ] GC(8) Using 10 workers of 10 for evacuation
[2026-09-13T08:26:07.264+0530][gc,phases   ] GC(8)   Pre Evacuate Collection Set: 0.29ms
[2026-09-13T08:26:07.264+0530][gc,phases   ] GC(8)   Merge Heap Roots: 0.14ms
[2026-09-13T08:26:07.264+0530][gc,phases   ] GC(8)   Evacuate Collection Set: 1.96ms
[2026-09-13T08:26:07.264+0530][gc,phases   ] GC(8)   Post Evacuate Collection Set: 0.88ms
[2026-09-13T08:26:07.264+0530][gc,phases   ] GC(8)   Other: 0.11ms
[2026-09-13T08:26:07.264+0530][gc,heap     ] GC(8) Eden regions: 47->0(46)
[2026-09-13T08:26:07.264+0530][gc,heap     ] GC(8) Survivor regions: 4->5(7)
[2026-09-13T08:26:07.264+0530][gc,heap     ] GC(8) Old regions: 22->22
[2026-09-13T08:26:07.264+0530][gc,heap     ] GC(8) Archive regions: 2->2
[2026-09-13T08:26:07.264+0530][gc,heap     ] GC(8) Humongous regions: 174->144
[2026-09-13T08:26:07.264+0530][gc,metaspace] GC(8) Metaspace: 49226K(50368K)->49226K(50368K) NonClass: 43354K(43968K)->43354K(43968K) Class: 5872K(6400K)->5872K(6400K)
[2026-09-13T08:26:07.264+0530][gc          ] GC(8) Pause Young (Normal) (G1 Evacuation Pause) 247M->171M(1024M) 3.483ms
[2026-09-13T08:26:07.264+0530][gc,cpu      ] GC(8) User=0.01s Sys=0.00s Real=0.01s
[2026-09-13T08:30:05.555+0530][gc,start    ] GC(9) Pause Young (Normal) (G1 Evacuation Pause)
[2026-09-13T08:30:05.555+0530][gc,task     ] GC(9) Using 10 workers of 10 for evacuation
[2026-09-13T08:30:05.558+0530][gc,phases   ] GC(9)   Pre Evacuate Collection Set: 0.17ms
[2026-09-13T08:30:05.558+0530][gc,phases   ] GC(9)   Merge Heap Roots: 0.07ms
[2026-09-13T08:30:05.558+0530][gc,phases   ] GC(9)   Evacuate Collection Set: 1.55ms
[2026-09-13T08:30:05.558+0530][gc,phases   ] GC(9)   Post Evacuate Collection Set: 0.34ms
[2026-09-13T08:30:05.558+0530][gc,phases   ] GC(9)   Other: 0.12ms
[2026-09-13T08:30:05.558+0530][gc,heap     ] GC(9) Eden regions: 46->0(71)
[2026-09-13T08:30:05.558+0530][gc,heap     ] GC(9) Survivor regions: 5->3(7)
[2026-09-13T08:30:05.558+0530][gc,heap     ] GC(9) Old regions: 22->25
[2026-09-13T08:30:05.558+0530][gc,heap     ] GC(9) Archive regions: 2->2
[2026-09-13T08:30:05.558+0530][gc,heap     ] GC(9) Humongous regions: 144->144
[2026-09-13T08:30:05.558+0530][gc,metaspace] GC(9) Metaspace: 49632K(50752K)->49632K(50752K) NonClass: 43756K(44352K)->43756K(44352K) Class: 5876K(6400K)->5876K(6400K)
[2026-09-13T08:30:05.558+0530][gc          ] GC(9) Pause Young (Normal) (G1 Evacuation Pause) 217M->172M(1024M) 2.517ms
[2026-09-13T08:30:05.558+0530][gc,cpu      ] GC(9) User=0.02s Sys=0.01s Real=0.00s
[2026-09-13T08:36:41.901+0530][gc,start    ] GC(10) Pause Young (Normal) (G1 Evacuation Pause)
[2026-09-13T08:36:41.901+0530][gc,task     ] GC(10) Using 10 workers of 10 for evacuation
[2026-09-13T08:36:41.905+0530][gc,phases   ] GC(10)   Pre Evacuate Collection Set: 0.23ms
[2026-09-13T08:36:41.905+0530][gc,phases   ] GC(10)   Merge Heap Roots: 0.19ms
[2026-09-13T08:36:41.905+0530][gc,phases   ] GC(10)   Evacuate Collection Set: 2.35ms
[2026-09-13T08:36:41.905+0530][gc,phases   ] GC(10)   Post Evacuate Collection Set: 1.04ms
[2026-09-13T08:36:41.905+0530][gc,phases   ] GC(10)   Other: 0.15ms
[2026-09-13T08:36:41.905+0530][gc,heap     ] GC(10) Eden regions: 71->0(165)
[2026-09-13T08:36:41.905+0530][gc,heap     ] GC(10) Survivor regions: 3->4(10)
[2026-09-13T08:36:41.905+0530][gc,heap     ] GC(10) Old regions: 25->25
[2026-09-13T08:36:41.905+0530][gc,heap     ] GC(10) Archive regions: 2->2
[2026-09-13T08:36:41.905+0530][gc,heap     ] GC(10) Humongous regions: 144->144
[2026-09-13T08:36:41.905+0530][gc,metaspace] GC(10) Metaspace: 50055K(51200K)->50055K(51200K) NonClass: 44162K(44800K)->44162K(44800K) Class: 5892K(6400K)->5892K(6400K)
[2026-09-13T08:36:41.905+0530][gc          ] GC(10) Pause Young (Normal) (G1 Evacuation Pause) 243M->173M(1024M) 4.166ms
[2026-09-13T08:36:41.906+0530][gc,cpu      ] GC(10) User=0.01s Sys=0.00s Real=0.01s
[2026-09-13T08:52:16.329+0530][gc,start    ] GC(11) Pause Young (Normal) (G1 Evacuation Pause)
[2026-09-13T08:52:16.329+0530][gc,task     ] GC(11) Using 10 workers of 10 for evacuation
[2026-09-13T08:52:16.332+0530][gc,phases   ] GC(11)   Pre Evacuate Collection Set: 0.13ms
[2026-09-13T08:52:16.332+0530][gc,phases   ] GC(11)   Merge Heap Roots: 0.07ms
[2026-09-13T08:52:16.332+0530][gc,phases   ] GC(11)   Evacuate Collection Set: 2.25ms
[2026-09-13T08:52:16.332+0530][gc,phases   ] GC(11)   Post Evacuate Collection Set: 0.38ms
[2026-09-13T08:52:16.332+0530][gc,phases   ] GC(11)   Other: 0.13ms
[2026-09-13T08:52:16.332+0530][gc,heap     ] GC(11) Eden regions: 165->0(147)
[2026-09-13T08:52:16.332+0530][gc,heap     ] GC(11) Survivor regions: 4->7(22)
[2026-09-13T08:52:16.332+0530][gc,heap     ] GC(11) Old regions: 25->25
[2026-09-13T08:52:16.332+0530][gc,heap     ] GC(11) Archive regions: 2->2
[2026-09-13T08:52:16.332+0530][gc,heap     ] GC(11) Humongous regions: 144->144
[2026-09-13T08:52:16.332+0530][gc,metaspace] GC(11) Metaspace: 50351K(51456K)->50351K(51456K) NonClass: 44459K(45056K)->44459K(45056K) Class: 5892K(6400K)->5892K(6400K)
[2026-09-13T08:52:16.332+0530][gc          ] GC(11) Pause Young (Normal) (G1 Evacuation Pause) 338M->176M(1024M) 3.012ms
[2026-09-13T08:52:16.332+0530][gc,cpu      ] GC(11) User=0.02s Sys=0.01s Real=0.01s
[2026-09-13T09:06:25.995+0530][gc,start    ] GC(12) Pause Young (Normal) (G1 Evacuation Pause)
[2026-09-13T09:06:25.999+0530][gc,task     ] GC(12) Using 10 workers of 10 for evacuation
[2026-09-13T09:06:26.003+0530][gc,phases   ] GC(12)   Pre Evacuate Collection Set: 0.32ms
[2026-09-13T09:06:26.003+0530][gc,phases   ] GC(12)   Merge Heap Roots: 0.24ms
[2026-09-13T09:06:26.003+0530][gc,phases   ] GC(12)   Evacuate Collection Set: 2.41ms
[2026-09-13T09:06:26.003+0530][gc,phases   ] GC(12)   Post Evacuate Collection Set: 1.07ms
[2026-09-13T09:06:26.003+0530][gc,phases   ] GC(12)   Other: 4.77ms
[2026-09-13T09:06:26.004+0530][gc,heap     ] GC(12) Eden regions: 147->0(320)
[2026-09-13T09:06:26.004+0530][gc,heap     ] GC(12) Survivor regions: 7->8(20)
[2026-09-13T09:06:26.004+0530][gc,heap     ] GC(12) Old regions: 25->25
[2026-09-13T09:06:26.004+0530][gc,heap     ] GC(12) Archive regions: 2->2
[2026-09-13T09:06:26.004+0530][gc,heap     ] GC(12) Humongous regions: 144->144
[2026-09-13T09:06:26.004+0530][gc,metaspace] GC(12) Metaspace: 50528K(51584K)->50528K(51584K) NonClass: 44631K(45184K)->44631K(45184K) Class: 5896K(6400K)->5896K(6400K)
[2026-09-13T09:06:26.004+0530][gc          ] GC(12) Pause Young (Normal) (G1 Evacuation Pause) 323M->177M(1024M) 8.917ms
[2026-09-13T09:06:26.004+0530][gc,cpu      ] GC(12) User=0.03s Sys=0.00s Real=0.01s
[2026-09-13T09:36:36.998+0530][gc,start    ] GC(13) Pause Young (Normal) (G1 Evacuation Pause)
[2026-09-13T09:36:36.998+0530][gc,task     ] GC(13) Using 10 workers of 10 for evacuation
[2026-09-13T09:36:37.004+0530][gc,phases   ] GC(13)   Pre Evacuate Collection Set: 0.30ms
[2026-09-13T09:36:37.004+0530][gc,phases   ] GC(13)   Merge Heap Roots: 0.08ms
[2026-09-13T09:36:37.004+0530][gc,phases   ] GC(13)   Evacuate Collection Set: 4.14ms
[2026-09-13T09:36:37.004+0530][gc,phases   ] GC(13)   Post Evacuate Collection Set: 0.69ms
[2026-09-13T09:36:37.004+0530][gc,phases   ] GC(13)   Other: 0.14ms
[2026-09-13T09:36:37.004+0530][gc,heap     ] GC(13) Eden regions: 320->0(582)
[2026-09-13T09:36:37.004+0530][gc,heap     ] GC(13) Survivor regions: 8->11(41)
[2026-09-13T09:36:37.004+0530][gc,heap     ] GC(13) Old regions: 25->25
[2026-09-13T09:36:37.004+0530][gc,heap     ] GC(13) Archive regions: 2->2
[2026-09-13T09:36:37.004+0530][gc,heap     ] GC(13) Humongous regions: 153->153
[2026-09-13T09:36:37.004+0530][gc,metaspace] GC(13) Metaspace: 51004K(52032K)->51004K(52032K) NonClass: 45080K(45632K)->45080K(45632K) Class: 5923K(6400K)->5923K(6400K)
[2026-09-13T09:36:37.004+0530][gc          ] GC(13) Pause Young (Normal) (G1 Evacuation Pause) 506M->189M(1024M) 5.426ms
[2026-09-13T09:36:37.004+0530][gc,cpu      ] GC(13) User=0.04s Sys=0.00s Real=0.00s
[2026-09-13T10:40:58.727+0530][gc,start    ] GC(14) Pause Young (Normal) (G1 Evacuation Pause)
[2026-09-13T10:40:58.727+0530][gc,task     ] GC(14) Using 10 workers of 10 for evacuation
[2026-09-13T10:40:58.736+0530][gc,phases   ] GC(14)   Pre Evacuate Collection Set: 0.32ms
[2026-09-13T10:40:58.736+0530][gc,phases   ] GC(14)   Merge Heap Roots: 0.22ms
[2026-09-13T10:40:58.736+0530][gc,phases   ] GC(14)   Evacuate Collection Set: 5.88ms
[2026-09-13T10:40:58.736+0530][gc,phases   ] GC(14)   Post Evacuate Collection Set: 1.16ms
[2026-09-13T10:40:58.736+0530][gc,phases   ] GC(14)   Other: 0.78ms
[2026-09-13T10:40:58.736+0530][gc,heap     ] GC(14) Eden regions: 582->0(536)
[2026-09-13T10:40:58.736+0530][gc,heap     ] GC(14) Survivor regions: 11->12(75)
[2026-09-13T10:40:58.736+0530][gc,heap     ] GC(14) Old regions: 25->25
[2026-09-13T10:40:58.736+0530][gc,heap     ] GC(14) Archive regions: 2->2
[2026-09-13T10:40:58.736+0530][gc,heap     ] GC(14) Humongous regions: 153->153
[2026-09-13T10:40:58.736+0530][gc,metaspace] GC(14) Metaspace: 51371K(52416K)->51371K(52416K) NonClass: 45443K(46016K)->45443K(46016K) Class: 5928K(6400K)->5928K(6400K)
[2026-09-13T10:40:58.736+0530][gc          ] GC(14) Pause Young (Normal) (G1 Evacuation Pause) 771M->190M(1024M) 8.434ms
[2026-09-13T10:40:58.736+0530][gc,cpu      ] GC(14) User=0.05s Sys=0.00s Real=0.01s
[2026-09-13T11:09:43.108+0530][gc,heap,exit] Heap
[2026-09-13T11:09:43.108+0530][gc,heap,exit]  garbage-first heap   total 1048576K, used 508009K [0x00000000c0000000, 0x0000000100000000)
[2026-09-13T11:09:43.108+0530][gc,heap,exit]   region size 1024K, 309 young (316416K), 12 survivors (12288K)
[2026-09-13T11:09:43.108+0530][gc,heap,exit]  Metaspace       used 52131K, committed 53248K, reserved 1114112K
[2026-09-13T11:09:43.108+0530][gc,heap,exit]   class space    used 6105K, committed 6592K, reserved 1048576K
