[2026-09-13 11:09:42,161] INFO Terminating process due to signal SIGHUP (org.apache.kafka.common.utils.LoggingSignalHandler)
[2026-09-13 11:09:42,216] INFO [BrokerServer id=1] Transition from STARTED to SHUTTING_DOWN (kafka.server.BrokerServer)
[2026-09-13 11:09:42,217] INFO [BrokerServer id=1] shutting down (kafka.server.BrokerServer)
[2026-09-13 11:09:42,227] INFO [BrokerLifecycleManager id=1] Beginning controlled shutdown. (org.apache.kafka.server.BrokerLifecycleManager)
[2026-09-13 11:09:42,288] INFO [BrokerLifecycleManager id=1] The broker is in PENDING_CONTROLLED_SHUTDOWN state, still waiting for the active controller. (org.apache.kafka.server.BrokerLifecycleManager)
[2026-09-13 11:09:42,335] INFO [ReplicaFetcherManager on broker 1] Removed fetcher for partitions HashSet(__consumer_offsets-25, __consumer_offsets-35, __consumer_offsets-37, __consumer_offsets-38, __consumer_offsets-13, booking.cancelled-0, __consumer_offsets-22, user.registered-0, __consumer_offsets-30, payment.completed-0, __consumer_offsets-21, __consumer_offsets-4, __consumer_offsets-8, orders-0, __consumer_offsets-27, __consumer_offsets-7, __consumer_offsets-9, __consumer_offsets-46, __consumer_offsets-41, __consumer_offsets-33, __consumer_offsets-23, __consumer_offsets-49, __consumer_offsets-47, __consumer_offsets-16, __consumer_offsets-28, __consumer_offsets-31, __consumer_offsets-36, __consumer_offsets-42, __consumer_offsets-3, __consumer_offsets-18, __consumer_offsets-15, __consumer_offsets-24, __consumer_offsets-17, booking.created-0, __consumer_offsets-48, __consumer_offsets-19, __consumer_offsets-11, __consumer_offsets-2, __consumer_offsets-43, __consumer_offsets-6, __consumer_offsets-14, __consumer_offsets-20, __consumer_offsets-0, __consumer_offsets-44, __consumer_offsets-39, payment.failed-0, __consumer_offsets-12, __consumer_offsets-45, __consumer_offsets-1, __consumer_offsets-5, __consumer_offsets-26, __consumer_offsets-29, __consumer_offsets-34, __consumer_offsets-10, __consumer_offsets-32, __consumer_offsets-40) (kafka.server.ReplicaFetcherManager)
[2026-09-13 11:09:42,339] INFO [ReplicaAlterLogDirsManager on broker 1] Removed fetcher for partitions HashSet(__consumer_offsets-25, __consumer_offsets-35, __consumer_offsets-37, __consumer_offsets-38, __consumer_offsets-13, booking.cancelled-0, __consumer_offsets-22, user.registered-0, __consumer_offsets-30, payment.completed-0, __consumer_offsets-21, __consumer_offsets-4, __consumer_offsets-8, orders-0, __consumer_offsets-27, __consumer_offsets-7, __consumer_offsets-9, __consumer_offsets-46, __consumer_offsets-41, __consumer_offsets-33, __consumer_offsets-23, __consumer_offsets-49, __consumer_offsets-47, __consumer_offsets-16, __consumer_offsets-28, __consumer_offsets-31, __consumer_offsets-36, __consumer_offsets-42, __consumer_offsets-3, __consumer_offsets-18, __consumer_offsets-15, __consumer_offsets-24, __consumer_offsets-17, booking.created-0, __consumer_offsets-48, __consumer_offsets-19, __consumer_offsets-11, __consumer_offsets-2, __consumer_offsets-43, __consumer_offsets-6, __consumer_offsets-14, __consumer_offsets-20, __consumer_offsets-0, __consumer_offsets-44, __consumer_offsets-39, payment.failed-0, __consumer_offsets-12, __consumer_offsets-45, __consumer_offsets-1, __consumer_offsets-5, __consumer_offsets-26, __consumer_offsets-29, __consumer_offsets-34, __consumer_offsets-10, __consumer_offsets-32, __consumer_offsets-40) (kafka.server.ReplicaAlterLogDirsManager)
[2026-09-13 11:09:42,367] INFO [BrokerLifecycleManager id=1] The controller has asked us to exit controlled shutdown. (org.apache.kafka.server.BrokerLifecycleManager)
[2026-09-13 11:09:42,367] INFO [BrokerLifecycleManager id=1] beginShutdown: shutting down event queue. (org.apache.kafka.queue.KafkaEventQueue)
[2026-09-13 11:09:42,367] INFO [BrokerLifecycleManager id=1] Transitioning from PENDING_CONTROLLED_SHUTDOWN to SHUTTING_DOWN. (org.apache.kafka.server.BrokerLifecycleManager)
[2026-09-13 11:09:42,367] INFO [broker-1-to-controller-heartbeat-channel-manager]: Shutting down (org.apache.kafka.server.NodeToControllerRequestThread)
[2026-09-13 11:09:42,368] INFO [broker-1-to-controller-heartbeat-channel-manager]: Shutdown completed (org.apache.kafka.server.NodeToControllerRequestThread)
[2026-09-13 11:09:42,368] INFO [broker-1-to-controller-heartbeat-channel-manager]: Stopped (org.apache.kafka.server.NodeToControllerRequestThread)
[2026-09-13 11:09:42,375] INFO [SocketServer listenerType=BROKER, nodeId=1] Stopping socket server request processors (kafka.network.SocketServer)
[2026-09-13 11:09:42,380] INFO [GroupCoordinator id=1] Scheduling unloading of metadata for __consumer_offsets-13 with epoch OptionalInt[5] (org.apache.kafka.coordinator.common.runtime.CoordinatorRuntime)
[2026-09-13 11:09:42,380] INFO [GroupCoordinator id=1] Scheduling unloading of metadata for __consumer_offsets-46 with epoch OptionalInt[5] (org.apache.kafka.coordinator.common.runtime.CoordinatorRuntime)
[2026-09-13 11:09:42,380] INFO [GroupCoordinator id=1] Started unloading metadata for __consumer_offsets-13 with epoch OptionalInt[5]. (org.apache.kafka.coordinator.common.runtime.CoordinatorRuntime)
[2026-09-13 11:09:42,380] INFO [GroupCoordinator id=1] Started unloading metadata for __consumer_offsets-46 with epoch OptionalInt[5]. (org.apache.kafka.coordinator.common.runtime.CoordinatorRuntime)
[2026-09-13 11:09:42,380] INFO [GroupCoordinator id=1] Scheduling unloading of metadata for __consumer_offsets-9 with epoch OptionalInt[5] (org.apache.kafka.coordinator.common.runtime.CoordinatorRuntime)
[2026-09-13 11:09:42,381] INFO [GroupCoordinator id=1] Scheduling unloading of metadata for __consumer_offsets-42 with epoch OptionalInt[5] (org.apache.kafka.coordinator.common.runtime.CoordinatorRuntime)
[2026-09-13 11:09:42,381] INFO [GroupCoordinator id=1] Started unloading metadata for __consumer_offsets-9 with epoch OptionalInt[5]. (org.apache.kafka.coordinator.common.runtime.CoordinatorRuntime)
[2026-09-13 11:09:42,381] INFO [GroupCoordinator id=1] Started unloading metadata for __consumer_offsets-42 with epoch OptionalInt[5]. (org.apache.kafka.coordinator.common.runtime.CoordinatorRuntime)
[2026-09-13 11:09:42,381] INFO [GroupCoordinator id=1] Scheduling unloading of metadata for __consumer_offsets-21 with epoch OptionalInt[5] (org.apache.kafka.coordinator.common.runtime.CoordinatorRuntime)
[2026-09-13 11:09:42,382] INFO [GroupCoordinator id=1] Scheduling unloading of metadata for __consumer_offsets-17 with epoch OptionalInt[5] (org.apache.kafka.coordinator.common.runtime.CoordinatorRuntime)
[2026-09-13 11:09:42,382] INFO [GroupCoordinator id=1] Scheduling unloading of metadata for __consumer_offsets-30 with epoch OptionalInt[5] (org.apache.kafka.coordinator.common.runtime.CoordinatorRuntime)
[2026-09-13 11:09:42,382] INFO [GroupCoordinator id=1] Scheduling unloading of metadata for __consumer_offsets-26 with epoch OptionalInt[5] (org.apache.kafka.coordinator.common.runtime.CoordinatorRuntime)
[2026-09-13 11:09:42,382] INFO [GroupCoordinator id=1] Finished unloading metadata for __consumer_offsets-13 with epoch OptionalInt[5]. (org.apache.kafka.coordinator.common.runtime.CoordinatorRuntime)
[2026-09-13 11:09:42,383] INFO [GroupCoordinator id=1] Finished unloading metadata for __consumer_offsets-46 with epoch OptionalInt[5]. (org.apache.kafka.coordinator.common.runtime.CoordinatorRuntime)
[2026-09-13 11:09:42,383] INFO [GroupCoordinator id=1] Finished unloading metadata for __consumer_offsets-9 with epoch OptionalInt[5]. (org.apache.kafka.coordinator.common.runtime.CoordinatorRuntime)
[2026-09-13 11:09:42,383] INFO [GroupCoordinator id=1] Finished unloading metadata for __consumer_offsets-42 with epoch OptionalInt[5]. (org.apache.kafka.coordinator.common.runtime.CoordinatorRuntime)
[2026-09-13 11:09:42,383] INFO [GroupCoordinator id=1] Scheduling unloading of metadata for __consumer_offsets-5 with epoch OptionalInt[5] (org.apache.kafka.coordinator.common.runtime.CoordinatorRuntime)
[2026-09-13 11:09:42,383] INFO [GroupCoordinator id=1] Started unloading metadata for __consumer_offsets-17 with epoch OptionalInt[5]. (org.apache.kafka.coordinator.common.runtime.CoordinatorRuntime)
[2026-09-13 11:09:42,383] INFO [GroupCoordinator id=1] Started unloading metadata for __consumer_offsets-26 with epoch OptionalInt[5]. (org.apache.kafka.coordinator.common.runtime.CoordinatorRuntime)
[2026-09-13 11:09:42,383] INFO [GroupCoordinator id=1] Started unloading metadata for __consumer_offsets-30 with epoch OptionalInt[5]. (org.apache.kafka.coordinator.common.runtime.CoordinatorRuntime)
[2026-09-13 11:09:42,384] INFO [GroupCoordinator id=1] Started unloading metadata for __consumer_offsets-21 with epoch OptionalInt[5]. (org.apache.kafka.coordinator.common.runtime.CoordinatorRuntime)
[2026-09-13 11:09:42,384] INFO [GroupCoordinator id=1] Scheduling unloading of metadata for __consumer_offsets-38 with epoch OptionalInt[5] (org.apache.kafka.coordinator.common.runtime.CoordinatorRuntime)
[2026-09-13 11:09:42,384] INFO [GroupCoordinator id=1] Finished unloading metadata for __consumer_offsets-26 with epoch OptionalInt[5]. (org.apache.kafka.coordinator.common.runtime.CoordinatorRuntime)
[2026-09-13 11:09:42,384] INFO [GroupCoordinator id=1] Finished unloading metadata for __consumer_offsets-17 with epoch OptionalInt[5]. (org.apache.kafka.coordinator.common.runtime.CoordinatorRuntime)
[2026-09-13 11:09:42,384] INFO [GroupCoordinator id=1] Scheduling unloading of metadata for __consumer_offsets-1 with epoch OptionalInt[5] (org.apache.kafka.coordinator.common.runtime.CoordinatorRuntime)
[2026-09-13 11:09:42,384] INFO [GroupCoordinator id=1] Finished unloading metadata for __consumer_offsets-30 with epoch OptionalInt[5]. (org.apache.kafka.coordinator.common.runtime.CoordinatorRuntime)
[2026-09-13 11:09:42,384] INFO [GroupCoordinator id=1] Started unloading metadata for __consumer_offsets-5 with epoch OptionalInt[5]. (org.apache.kafka.coordinator.common.runtime.CoordinatorRuntime)
[2026-09-13 11:09:42,385] INFO [GroupCoordinator id=1] Finished unloading metadata for __consumer_offsets-5 with epoch OptionalInt[5]. (org.apache.kafka.coordinator.common.runtime.CoordinatorRuntime)
[2026-09-13 11:09:42,384] INFO [GroupCoordinator id=1] Finished unloading metadata for __consumer_offsets-21 with epoch OptionalInt[5]. (org.apache.kafka.coordinator.common.runtime.CoordinatorRuntime)
[2026-09-13 11:09:42,385] INFO [GroupCoordinator id=1] Started unloading metadata for __consumer_offsets-1 with epoch OptionalInt[5]. (org.apache.kafka.coordinator.common.runtime.CoordinatorRuntime)
[2026-09-13 11:09:42,384] INFO [GroupCoordinator id=1] Scheduling unloading of metadata for __consumer_offsets-34 with epoch OptionalInt[5] (org.apache.kafka.coordinator.common.runtime.CoordinatorRuntime)
[2026-09-13 11:09:42,385] INFO [GroupCoordinator id=1] Started unloading metadata for __consumer_offsets-34 with epoch OptionalInt[5]. (org.apache.kafka.coordinator.common.runtime.CoordinatorRuntime)
[2026-09-13 11:09:42,384] INFO [GroupCoordinator id=1] Started unloading metadata for __consumer_offsets-38 with epoch OptionalInt[5]. (org.apache.kafka.coordinator.common.runtime.CoordinatorRuntime)
[2026-09-13 11:09:42,385] INFO [GroupCoordinator id=1] Finished unloading metadata for __consumer_offsets-1 with epoch OptionalInt[5]. (org.apache.kafka.coordinator.common.runtime.CoordinatorRuntime)
[2026-09-13 11:09:42,386] INFO [GroupCoordinator id=1] Finished unloading metadata for __consumer_offsets-38 with epoch OptionalInt[5]. (org.apache.kafka.coordinator.common.runtime.CoordinatorRuntime)
[2026-09-13 11:09:42,386] INFO [GroupCoordinator id=1] Scheduling unloading of metadata for __consumer_offsets-16 with epoch OptionalInt[5] (org.apache.kafka.coordinator.common.runtime.CoordinatorRuntime)
[2026-09-13 11:09:42,386] INFO [GroupCoordinator id=1] Scheduling unloading of metadata for __consumer_offsets-45 with epoch OptionalInt[5] (org.apache.kafka.coordinator.common.runtime.CoordinatorRuntime)
[2026-09-13 11:09:42,386] INFO [GroupCoordinator id=1] Started unloading metadata for __consumer_offsets-45 with epoch OptionalInt[5]. (org.apache.kafka.coordinator.common.runtime.CoordinatorRuntime)
[2026-09-13 11:09:42,386] INFO [GroupCoordinator id=1 topic=__consumer_offsets partition=34] [GroupId=booking-worker-payment.completed] Unloading group metadata for generation 6. (org.apache.kafka.coordinator.group.GroupMetadataManager)
[2026-09-13 11:09:42,386] INFO [GroupCoordinator id=1] Started unloading metadata for __consumer_offsets-16 with epoch OptionalInt[5]. (org.apache.kafka.coordinator.common.runtime.CoordinatorRuntime)
[2026-09-13 11:09:42,386] INFO [GroupCoordinator id=1] Finished unloading metadata for __consumer_offsets-45 with epoch OptionalInt[5]. (org.apache.kafka.coordinator.common.runtime.CoordinatorRuntime)
[2026-09-13 11:09:42,386] INFO [GroupCoordinator id=1] Scheduling unloading of metadata for __consumer_offsets-12 with epoch OptionalInt[5] (org.apache.kafka.coordinator.common.runtime.CoordinatorRuntime)
[2026-09-13 11:09:42,387] INFO [GroupCoordinator id=1] Finished unloading metadata for __consumer_offsets-16 with epoch OptionalInt[5]. (org.apache.kafka.coordinator.common.runtime.CoordinatorRuntime)
[2026-09-13 11:09:42,387] INFO [GroupCoordinator id=1] Scheduling unloading of metadata for __consumer_offsets-41 with epoch OptionalInt[5] (org.apache.kafka.coordinator.common.runtime.CoordinatorRuntime)
[2026-09-13 11:09:42,387] INFO [GroupCoordinator id=1] Scheduling unloading of metadata for __consumer_offsets-24 with epoch OptionalInt[5] (org.apache.kafka.coordinator.common.runtime.CoordinatorRuntime)
[2026-09-13 11:09:42,387] INFO [GroupCoordinator id=1] Started unloading metadata for __consumer_offsets-12 with epoch OptionalInt[5]. (org.apache.kafka.coordinator.common.runtime.CoordinatorRuntime)
[2026-09-13 11:09:42,387] INFO [GroupCoordinator id=1] Started unloading metadata for __consumer_offsets-41 with epoch OptionalInt[5]. (org.apache.kafka.coordinator.common.runtime.CoordinatorRuntime)
[2026-09-13 11:09:42,387] INFO [GroupCoordinator id=1] Finished unloading metadata for __consumer_offsets-34 with epoch OptionalInt[5]. (org.apache.kafka.coordinator.common.runtime.CoordinatorRuntime)
[2026-09-13 11:09:42,388] INFO [GroupCoordinator id=1] Started unloading metadata for __consumer_offsets-24 with epoch OptionalInt[5]. (org.apache.kafka.coordinator.common.runtime.CoordinatorRuntime)
[2026-09-13 11:09:42,388] INFO [GroupCoordinator id=1] Scheduling unloading of metadata for __consumer_offsets-20 with epoch OptionalInt[5] (org.apache.kafka.coordinator.common.runtime.CoordinatorRuntime)
[2026-09-13 11:09:42,388] INFO [GroupCoordinator id=1] Scheduling unloading of metadata for __consumer_offsets-49 with epoch OptionalInt[5] (org.apache.kafka.coordinator.common.runtime.CoordinatorRuntime)
[2026-09-13 11:09:42,388] INFO [GroupCoordinator id=1] Started unloading metadata for __consumer_offsets-20 with epoch OptionalInt[5]. (org.apache.kafka.coordinator.common.runtime.CoordinatorRuntime)
[2026-09-13 11:09:42,388] INFO [GroupCoordinator id=1] Finished unloading metadata for __consumer_offsets-41 with epoch OptionalInt[5]. (org.apache.kafka.coordinator.common.runtime.CoordinatorRuntime)
[2026-09-13 11:09:42,389] INFO [GroupCoordinator id=1 topic=__consumer_offsets partition=20] [GroupId=booking-worker] Unloading group metadata for generation 3. (org.apache.kafka.coordinator.group.GroupMetadataManager)
[2026-09-13 11:09:42,388] INFO [GroupCoordinator id=1] Finished unloading metadata for __consumer_offsets-12 with epoch OptionalInt[5]. (org.apache.kafka.coordinator.common.runtime.CoordinatorRuntime)
[2026-09-13 11:09:42,389] INFO [GroupCoordinator id=1] Started unloading metadata for __consumer_offsets-49 with epoch OptionalInt[5]. (org.apache.kafka.coordinator.common.runtime.CoordinatorRuntime)
[2026-09-13 11:09:42,388] INFO [GroupCoordinator id=1] Scheduling unloading of metadata for __consumer_offsets-0 with epoch OptionalInt[5] (org.apache.kafka.coordinator.common.runtime.CoordinatorRuntime)
[2026-09-13 11:09:42,388] INFO [GroupCoordinator id=1] Finished unloading metadata for __consumer_offsets-24 with epoch OptionalInt[5]. (org.apache.kafka.coordinator.common.runtime.CoordinatorRuntime)
[2026-09-13 11:09:42,389] INFO [GroupCoordinator id=1] Scheduling unloading of metadata for __consumer_offsets-29 with epoch OptionalInt[5] (org.apache.kafka.coordinator.common.runtime.CoordinatorRuntime)
[2026-09-13 11:09:42,389] INFO [GroupCoordinator id=1] Finished unloading metadata for __consumer_offsets-49 with epoch OptionalInt[5]. (org.apache.kafka.coordinator.common.runtime.CoordinatorRuntime)
[2026-09-13 11:09:42,389] INFO [GroupCoordinator id=1] Finished unloading metadata for __consumer_offsets-20 with epoch OptionalInt[5]. (org.apache.kafka.coordinator.common.runtime.CoordinatorRuntime)
[2026-09-13 11:09:42,389] INFO [GroupCoordinator id=1] Scheduling unloading of metadata for __consumer_offsets-25 with epoch OptionalInt[5] (org.apache.kafka.coordinator.common.runtime.CoordinatorRuntime)
[2026-09-13 11:09:42,389] INFO [GroupCoordinator id=1] Started unloading metadata for __consumer_offsets-0 with epoch OptionalInt[5]. (org.apache.kafka.coordinator.common.runtime.CoordinatorRuntime)
[2026-09-13 11:09:42,390] INFO [GroupCoordinator id=1] Started unloading metadata for __consumer_offsets-25 with epoch OptionalInt[5]. (org.apache.kafka.coordinator.common.runtime.CoordinatorRuntime)
[2026-09-13 11:09:42,390] INFO [GroupCoordinator id=1] Started unloading metadata for __consumer_offsets-29 with epoch OptionalInt[5]. (org.apache.kafka.coordinator.common.runtime.CoordinatorRuntime)
[2026-09-13 11:09:42,390] INFO [GroupCoordinator id=1] Finished unloading metadata for __consumer_offsets-0 with epoch OptionalInt[5]. (org.apache.kafka.coordinator.common.runtime.CoordinatorRuntime)
[2026-09-13 11:09:42,390] INFO [GroupCoordinator id=1] Scheduling unloading of metadata for __consumer_offsets-8 with epoch OptionalInt[5] (org.apache.kafka.coordinator.common.runtime.CoordinatorRuntime)
[2026-09-13 11:09:42,390] INFO [GroupCoordinator id=1] Finished unloading metadata for __consumer_offsets-29 with epoch OptionalInt[5]. (org.apache.kafka.coordinator.common.runtime.CoordinatorRuntime)
[2026-09-13 11:09:42,390] INFO [GroupCoordinator id=1] Started unloading metadata for __consumer_offsets-8 with epoch OptionalInt[5]. (org.apache.kafka.coordinator.common.runtime.CoordinatorRuntime)
[2026-09-13 11:09:42,390] INFO [GroupCoordinator id=1] Finished unloading metadata for __consumer_offsets-25 with epoch OptionalInt[5]. (org.apache.kafka.coordinator.common.runtime.CoordinatorRuntime)
[2026-09-13 11:09:42,390] INFO [GroupCoordinator id=1] Scheduling unloading of metadata for __consumer_offsets-37 with epoch OptionalInt[5] (org.apache.kafka.coordinator.common.runtime.CoordinatorRuntime)
[2026-09-13 11:09:42,390] INFO [GroupCoordinator id=1] Scheduling unloading of metadata for __consumer_offsets-4 with epoch OptionalInt[5] (org.apache.kafka.coordinator.common.runtime.CoordinatorRuntime)
[2026-09-13 11:09:42,390] INFO [GroupCoordinator id=1] Started unloading metadata for __consumer_offsets-37 with epoch OptionalInt[5]. (org.apache.kafka.coordinator.common.runtime.CoordinatorRuntime)
[2026-09-13 11:09:42,390] INFO [GroupCoordinator id=1] Finished unloading metadata for __consumer_offsets-8 with epoch OptionalInt[5]. (org.apache.kafka.coordinator.common.runtime.CoordinatorRuntime)
[2026-09-13 11:09:42,391] INFO [GroupCoordinator id=1] Started unloading metadata for __consumer_offsets-4 with epoch OptionalInt[5]. (org.apache.kafka.coordinator.common.runtime.CoordinatorRuntime)
[2026-09-13 11:09:42,391] INFO [GroupCoordinator id=1] Scheduling unloading of metadata for __consumer_offsets-33 with epoch OptionalInt[5] (org.apache.kafka.coordinator.common.runtime.CoordinatorRuntime)
[2026-09-13 11:09:42,391] INFO [GroupCoordinator id=1 topic=__consumer_offsets partition=4] [GroupId=booking-worker-payment.failed] Unloading group metadata for generation 6. (org.apache.kafka.coordinator.group.GroupMetadataManager)
[2026-09-13 11:09:42,391] INFO [GroupCoordinator id=1] Finished unloading metadata for __consumer_offsets-37 with epoch OptionalInt[5]. (org.apache.kafka.coordinator.common.runtime.CoordinatorRuntime)
[2026-09-13 11:09:42,391] INFO [GroupCoordinator id=1] Started unloading metadata for __consumer_offsets-33 with epoch OptionalInt[5]. (org.apache.kafka.coordinator.common.runtime.CoordinatorRuntime)
[2026-09-13 11:09:42,391] INFO [GroupCoordinator id=1] Scheduling unloading of metadata for __consumer_offsets-15 with epoch OptionalInt[5] (org.apache.kafka.coordinator.common.runtime.CoordinatorRuntime)
[2026-09-13 11:09:42,391] INFO [GroupCoordinator id=1] Finished unloading metadata for __consumer_offsets-4 with epoch OptionalInt[5]. (org.apache.kafka.coordinator.common.runtime.CoordinatorRuntime)
[2026-09-13 11:09:42,391] INFO [GroupCoordinator id=1] Started unloading metadata for __consumer_offsets-15 with epoch OptionalInt[5]. (org.apache.kafka.coordinator.common.runtime.CoordinatorRuntime)
[2026-09-13 11:09:42,391] INFO [GroupCoordinator id=1] Scheduling unloading of metadata for __consumer_offsets-48 with epoch OptionalInt[5] (org.apache.kafka.coordinator.common.runtime.CoordinatorRuntime)
[2026-09-13 11:09:42,391] INFO [GroupCoordinator id=1] Finished unloading metadata for __consumer_offsets-33 with epoch OptionalInt[5]. (org.apache.kafka.coordinator.common.runtime.CoordinatorRuntime)
[2026-09-13 11:09:42,392] INFO [GroupCoordinator id=1] Finished unloading metadata for __consumer_offsets-15 with epoch OptionalInt[5]. (org.apache.kafka.coordinator.common.runtime.CoordinatorRuntime)
[2026-09-13 11:09:42,392] INFO [GroupCoordinator id=1] Started unloading metadata for __consumer_offsets-48 with epoch OptionalInt[5]. (org.apache.kafka.coordinator.common.runtime.CoordinatorRuntime)
[2026-09-13 11:09:42,392] INFO [GroupCoordinator id=1] Scheduling unloading of metadata for __consumer_offsets-11 with epoch OptionalInt[5] (org.apache.kafka.coordinator.common.runtime.CoordinatorRuntime)
[2026-09-13 11:09:42,392] INFO [GroupCoordinator id=1] Finished unloading metadata for __consumer_offsets-48 with epoch OptionalInt[5]. (org.apache.kafka.coordinator.common.runtime.CoordinatorRuntime)
[2026-09-13 11:09:42,392] INFO [GroupCoordinator id=1] Started unloading metadata for __consumer_offsets-11 with epoch OptionalInt[5]. (org.apache.kafka.coordinator.common.runtime.CoordinatorRuntime)
[2026-09-13 11:09:42,392] INFO [GroupCoordinator id=1] Scheduling unloading of metadata for __consumer_offsets-44 with epoch OptionalInt[5] (org.apache.kafka.coordinator.common.runtime.CoordinatorRuntime)
[2026-09-13 11:09:42,392] INFO Node to controller channel manager for heartbeat shutdown (org.apache.kafka.server.NodeToControllerChannelManagerImpl)
[2026-09-13 11:09:42,392] INFO [GroupCoordinator id=1] Finished unloading metadata for __consumer_offsets-11 with epoch OptionalInt[5]. (org.apache.kafka.coordinator.common.runtime.CoordinatorRuntime)
[2026-09-13 11:09:42,392] INFO [GroupCoordinator id=1] Started unloading metadata for __consumer_offsets-44 with epoch OptionalInt[5]. (org.apache.kafka.coordinator.common.runtime.CoordinatorRuntime)
[2026-09-13 11:09:42,393] INFO [GroupCoordinator id=1] Scheduling unloading of metadata for __consumer_offsets-23 with epoch OptionalInt[5] (org.apache.kafka.coordinator.common.runtime.CoordinatorRuntime)
[2026-09-13 11:09:42,393] INFO [GroupCoordinator id=1] Finished unloading metadata for __consumer_offsets-44 with epoch OptionalInt[5]. (org.apache.kafka.coordinator.common.runtime.CoordinatorRuntime)
[2026-09-13 11:09:42,393] INFO [GroupCoordinator id=1] Scheduling unloading of metadata for __consumer_offsets-19 with epoch OptionalInt[5] (org.apache.kafka.coordinator.common.runtime.CoordinatorRuntime)
[2026-09-13 11:09:42,393] INFO [GroupCoordinator id=1] Started unloading metadata for __consumer_offsets-23 with epoch OptionalInt[5]. (org.apache.kafka.coordinator.common.runtime.CoordinatorRuntime)
[2026-09-13 11:09:42,393] INFO [GroupCoordinator id=1] Started unloading metadata for __consumer_offsets-19 with epoch OptionalInt[5]. (org.apache.kafka.coordinator.common.runtime.CoordinatorRuntime)
[2026-09-13 11:09:42,393] INFO [GroupCoordinator id=1] Scheduling unloading of metadata for __consumer_offsets-32 with epoch OptionalInt[5] (org.apache.kafka.coordinator.common.runtime.CoordinatorRuntime)
[2026-09-13 11:09:42,393] INFO [GroupCoordinator id=1 topic=__consumer_offsets partition=19] [GroupId=booking-worker-booking.cancelled] Unloading group metadata for generation 65. (org.apache.kafka.coordinator.group.GroupMetadataManager)
[2026-09-13 11:09:42,393] INFO [GroupCoordinator id=1] Finished unloading metadata for __consumer_offsets-23 with epoch OptionalInt[5]. (org.apache.kafka.coordinator.common.runtime.CoordinatorRuntime)
[2026-09-13 11:09:42,393] INFO [GroupCoordinator id=1] Started unloading metadata for __consumer_offsets-32 with epoch OptionalInt[5]. (org.apache.kafka.coordinator.common.runtime.CoordinatorRuntime)
[2026-09-13 11:09:42,393] INFO [GroupCoordinator id=1] Scheduling unloading of metadata for __consumer_offsets-28 with epoch OptionalInt[5] (org.apache.kafka.coordinator.common.runtime.CoordinatorRuntime)
[2026-09-13 11:09:42,394] INFO [GroupCoordinator id=1 topic=__consumer_offsets partition=32] [GroupId=booking-worker-booking.created] Unloading group metadata for generation 65. (org.apache.kafka.coordinator.group.GroupMetadataManager)
[2026-09-13 11:09:42,394] INFO [GroupCoordinator id=1] Scheduling unloading of metadata for __consumer_offsets-7 with epoch OptionalInt[5] (org.apache.kafka.coordinator.common.runtime.CoordinatorRuntime)
[2026-09-13 11:09:42,394] INFO [GroupCoordinator id=1] Finished unloading metadata for __consumer_offsets-19 with epoch OptionalInt[5]. (org.apache.kafka.coordinator.common.runtime.CoordinatorRuntime)
[2026-09-13 11:09:42,394] INFO [GroupCoordinator id=1] Scheduling unloading of metadata for __consumer_offsets-40 with epoch OptionalInt[5] (org.apache.kafka.coordinator.common.runtime.CoordinatorRuntime)
[2026-09-13 11:09:42,394] INFO [GroupCoordinator id=1] Finished unloading metadata for __consumer_offsets-32 with epoch OptionalInt[5]. (org.apache.kafka.coordinator.common.runtime.CoordinatorRuntime)
[2026-09-13 11:09:42,395] INFO [GroupCoordinator id=1] Started unloading metadata for __consumer_offsets-40 with epoch OptionalInt[5]. (org.apache.kafka.coordinator.common.runtime.CoordinatorRuntime)
[2026-09-13 11:09:42,394] INFO [GroupCoordinator id=1] Started unloading metadata for __consumer_offsets-28 with epoch OptionalInt[5]. (org.apache.kafka.coordinator.common.runtime.CoordinatorRuntime)
[2026-09-13 11:09:42,395] INFO [GroupCoordinator id=1] Scheduling unloading of metadata for __consumer_offsets-3 with epoch OptionalInt[5] (org.apache.kafka.coordinator.common.runtime.CoordinatorRuntime)
[2026-09-13 11:09:42,395] INFO [GroupCoordinator id=1] Finished unloading metadata for __consumer_offsets-28 with epoch OptionalInt[5]. (org.apache.kafka.coordinator.common.runtime.CoordinatorRuntime)
[2026-09-13 11:09:42,394] INFO [GroupCoordinator id=1] Started unloading metadata for __consumer_offsets-7 with epoch OptionalInt[5]. (org.apache.kafka.coordinator.common.runtime.CoordinatorRuntime)
[2026-09-13 11:09:42,395] INFO [GroupCoordinator id=1] Started unloading metadata for __consumer_offsets-3 with epoch OptionalInt[5]. (org.apache.kafka.coordinator.common.runtime.CoordinatorRuntime)
[2026-09-13 11:09:42,395] INFO [GroupCoordinator id=1] Scheduling unloading of metadata for __consumer_offsets-36 with epoch OptionalInt[5] (org.apache.kafka.coordinator.common.runtime.CoordinatorRuntime)
[2026-09-13 11:09:42,395] INFO [GroupCoordinator id=1] Finished unloading metadata for __consumer_offsets-40 with epoch OptionalInt[5]. (org.apache.kafka.coordinator.common.runtime.CoordinatorRuntime)
[2026-09-13 11:09:42,395] INFO [GroupCoordinator id=1] Finished unloading metadata for __consumer_offsets-3 with epoch OptionalInt[5]. (org.apache.kafka.coordinator.common.runtime.CoordinatorRuntime)
[2026-09-13 11:09:42,395] INFO [GroupCoordinator id=1] Finished unloading metadata for __consumer_offsets-7 with epoch OptionalInt[5]. (org.apache.kafka.coordinator.common.runtime.CoordinatorRuntime)
[2026-09-13 11:09:42,396] INFO [GroupCoordinator id=1] Started unloading metadata for __consumer_offsets-36 with epoch OptionalInt[5]. (org.apache.kafka.coordinator.common.runtime.CoordinatorRuntime)
[2026-09-13 11:09:42,396] INFO [GroupCoordinator id=1] Scheduling unloading of metadata for __consumer_offsets-47 with epoch OptionalInt[5] (org.apache.kafka.coordinator.common.runtime.CoordinatorRuntime)
[2026-09-13 11:09:42,396] INFO [GroupCoordinator id=1] Finished unloading metadata for __consumer_offsets-36 with epoch OptionalInt[5]. (org.apache.kafka.coordinator.common.runtime.CoordinatorRuntime)
[2026-09-13 11:09:42,396] INFO [GroupCoordinator id=1] Started unloading metadata for __consumer_offsets-47 with epoch OptionalInt[5]. (org.apache.kafka.coordinator.common.runtime.CoordinatorRuntime)
[2026-09-13 11:09:42,396] INFO [GroupCoordinator id=1] Scheduling unloading of metadata for __consumer_offsets-14 with epoch OptionalInt[5] (org.apache.kafka.coordinator.common.runtime.CoordinatorRuntime)
[2026-09-13 11:09:42,397] INFO [GroupCoordinator id=1] Finished unloading metadata for __consumer_offsets-47 with epoch OptionalInt[5]. (org.apache.kafka.coordinator.common.runtime.CoordinatorRuntime)
[2026-09-13 11:09:42,397] INFO [GroupCoordinator id=1] Started unloading metadata for __consumer_offsets-14 with epoch OptionalInt[5]. (org.apache.kafka.coordinator.common.runtime.CoordinatorRuntime)
[2026-09-13 11:09:42,397] INFO [GroupCoordinator id=1] Scheduling unloading of metadata for __consumer_offsets-43 with epoch OptionalInt[5] (org.apache.kafka.coordinator.common.runtime.CoordinatorRuntime)
[2026-09-13 11:09:42,397] INFO [GroupCoordinator id=1] Finished unloading metadata for __consumer_offsets-14 with epoch OptionalInt[5]. (org.apache.kafka.coordinator.common.runtime.CoordinatorRuntime)
[2026-09-13 11:09:42,397] INFO [GroupCoordinator id=1] Started unloading metadata for __consumer_offsets-43 with epoch OptionalInt[5]. (org.apache.kafka.coordinator.common.runtime.CoordinatorRuntime)
[2026-09-13 11:09:42,397] INFO [GroupCoordinator id=1] Scheduling unloading of metadata for __consumer_offsets-10 with epoch OptionalInt[5] (org.apache.kafka.coordinator.common.runtime.CoordinatorRuntime)
[2026-09-13 11:09:42,397] INFO [GroupCoordinator id=1] Finished unloading metadata for __consumer_offsets-43 with epoch OptionalInt[5]. (org.apache.kafka.coordinator.common.runtime.CoordinatorRuntime)
[2026-09-13 11:09:42,397] INFO [GroupCoordinator id=1] Started unloading metadata for __consumer_offsets-10 with epoch OptionalInt[5]. (org.apache.kafka.coordinator.common.runtime.CoordinatorRuntime)
[2026-09-13 11:09:42,397] INFO [GroupCoordinator id=1 topic=__consumer_offsets partition=10] [GroupId=booking-worker-user.registered] Unloading group metadata for generation 65. (org.apache.kafka.coordinator.group.GroupMetadataManager)
[2026-09-13 11:09:42,397] INFO [GroupCoordinator id=1] Scheduling unloading of metadata for __consumer_offsets-22 with epoch OptionalInt[5] (org.apache.kafka.coordinator.common.runtime.CoordinatorRuntime)
[2026-09-13 11:09:42,397] INFO [GroupCoordinator id=1] Finished unloading metadata for __consumer_offsets-10 with epoch OptionalInt[5]. (org.apache.kafka.coordinator.common.runtime.CoordinatorRuntime)
[2026-09-13 11:09:42,398] INFO [GroupCoordinator id=1] Scheduling unloading of metadata for __consumer_offsets-18 with epoch OptionalInt[5] (org.apache.kafka.coordinator.common.runtime.CoordinatorRuntime)
[2026-09-13 11:09:42,398] INFO [GroupCoordinator id=1] Started unloading metadata for __consumer_offsets-22 with epoch OptionalInt[5]. (org.apache.kafka.coordinator.common.runtime.CoordinatorRuntime)
[2026-09-13 11:09:42,398] INFO [GroupCoordinator id=1] Started unloading metadata for __consumer_offsets-18 with epoch OptionalInt[5]. (org.apache.kafka.coordinator.common.runtime.CoordinatorRuntime)
[2026-09-13 11:09:42,398] INFO [GroupCoordinator id=1] Scheduling unloading of metadata for __consumer_offsets-31 with epoch OptionalInt[5] (org.apache.kafka.coordinator.common.runtime.CoordinatorRuntime)
[2026-09-13 11:09:42,398] INFO [GroupCoordinator id=1] Finished unloading metadata for __consumer_offsets-22 with epoch OptionalInt[5]. (org.apache.kafka.coordinator.common.runtime.CoordinatorRuntime)
[2026-09-13 11:09:42,398] INFO [GroupCoordinator id=1] Finished unloading metadata for __consumer_offsets-18 with epoch OptionalInt[5]. (org.apache.kafka.coordinator.common.runtime.CoordinatorRuntime)
[2026-09-13 11:09:42,398] INFO [GroupCoordinator id=1] Started unloading metadata for __consumer_offsets-31 with epoch OptionalInt[5]. (org.apache.kafka.coordinator.common.runtime.CoordinatorRuntime)
[2026-09-13 11:09:42,398] INFO [GroupCoordinator id=1] Scheduling unloading of metadata for __consumer_offsets-27 with epoch OptionalInt[5] (org.apache.kafka.coordinator.common.runtime.CoordinatorRuntime)
[2026-09-13 11:09:42,398] INFO [GroupCoordinator id=1] Finished unloading metadata for __consumer_offsets-31 with epoch OptionalInt[5]. (org.apache.kafka.coordinator.common.runtime.CoordinatorRuntime)
[2026-09-13 11:09:42,398] INFO [GroupCoordinator id=1] Scheduling unloading of metadata for __consumer_offsets-39 with epoch OptionalInt[5] (org.apache.kafka.coordinator.common.runtime.CoordinatorRuntime)
[2026-09-13 11:09:42,399] INFO [GroupCoordinator id=1] Started unloading metadata for __consumer_offsets-27 with epoch OptionalInt[5]. (org.apache.kafka.coordinator.common.runtime.CoordinatorRuntime)
[2026-09-13 11:09:42,399] INFO [GroupCoordinator id=1] Started unloading metadata for __consumer_offsets-39 with epoch OptionalInt[5]. (org.apache.kafka.coordinator.common.runtime.CoordinatorRuntime)
[2026-09-13 11:09:42,399] INFO [GroupCoordinator id=1] Scheduling unloading of metadata for __consumer_offsets-6 with epoch OptionalInt[5] (org.apache.kafka.coordinator.common.runtime.CoordinatorRuntime)
[2026-09-13 11:09:42,399] INFO [GroupCoordinator id=1] Finished unloading metadata for __consumer_offsets-27 with epoch OptionalInt[5]. (org.apache.kafka.coordinator.common.runtime.CoordinatorRuntime)
[2026-09-13 11:09:42,399] INFO [GroupCoordinator id=1] Started unloading metadata for __consumer_offsets-6 with epoch OptionalInt[5]. (org.apache.kafka.coordinator.common.runtime.CoordinatorRuntime)
[2026-09-13 11:09:42,399] INFO [GroupCoordinator id=1] Finished unloading metadata for __consumer_offsets-39 with epoch OptionalInt[5]. (org.apache.kafka.coordinator.common.runtime.CoordinatorRuntime)
[2026-09-13 11:09:42,399] INFO [GroupCoordinator id=1] Scheduling unloading of metadata for __consumer_offsets-35 with epoch OptionalInt[5] (org.apache.kafka.coordinator.common.runtime.CoordinatorRuntime)
[2026-09-13 11:09:42,399] INFO [GroupCoordinator id=1] Finished unloading metadata for __consumer_offsets-6 with epoch OptionalInt[5]. (org.apache.kafka.coordinator.common.runtime.CoordinatorRuntime)
[2026-09-13 11:09:42,399] INFO [GroupCoordinator id=1] Scheduling unloading of metadata for __consumer_offsets-2 with epoch OptionalInt[5] (org.apache.kafka.coordinator.common.runtime.CoordinatorRuntime)
[2026-09-13 11:09:42,399] INFO [GroupCoordinator id=1] Started unloading metadata for __consumer_offsets-35 with epoch OptionalInt[5]. (org.apache.kafka.coordinator.common.runtime.CoordinatorRuntime)
[2026-09-13 11:09:42,400] INFO [GroupCoordinator id=1] Started unloading metadata for __consumer_offsets-2 with epoch OptionalInt[5]. (org.apache.kafka.coordinator.common.runtime.CoordinatorRuntime)
[2026-09-13 11:09:42,400] INFO [GroupCoordinator id=1] Finished unloading metadata for __consumer_offsets-35 with epoch OptionalInt[5]. (org.apache.kafka.coordinator.common.runtime.CoordinatorRuntime)
[2026-09-13 11:09:42,400] INFO [GroupCoordinator id=1] Finished unloading metadata for __consumer_offsets-2 with epoch OptionalInt[5]. (org.apache.kafka.coordinator.common.runtime.CoordinatorRuntime)
[2026-09-13 11:09:42,401] INFO [SocketServer listenerType=BROKER, nodeId=1] Stopped socket server request processors (kafka.network.SocketServer)
[2026-09-13 11:09:42,406] INFO [data-plane Kafka Request Handler on Broker 1] shutting down (kafka.server.KafkaRequestHandlerPool)
[2026-09-13 11:09:42,411] INFO [data-plane Kafka Request Handler on Broker 1] shut down completely (kafka.server.KafkaRequestHandlerPool)
[2026-09-13 11:09:42,413] INFO [ExpirationReaper-1-AlterAcls]: Shutting down (org.apache.kafka.server.purgatory.DelayedOperationPurgatory$ExpiredOperationReaper)
[2026-09-13 11:09:42,414] INFO [ExpirationReaper-1-AlterAcls]: Shutdown completed (org.apache.kafka.server.purgatory.DelayedOperationPurgatory$ExpiredOperationReaper)
[2026-09-13 11:09:42,414] INFO [ExpirationReaper-1-AlterAcls]: Stopped (org.apache.kafka.server.purgatory.DelayedOperationPurgatory$ExpiredOperationReaper)
[2026-09-13 11:09:42,416] INFO [KafkaApi-1] Shutdown complete. (kafka.server.KafkaApis)
[2026-09-13 11:09:42,425] INFO [TransactionCoordinator id=1] Shutting down. (kafka.coordinator.transaction.TransactionCoordinator)
[2026-09-13 11:09:42,428] INFO [Transaction State Manager 1]: Shutdown complete (kafka.coordinator.transaction.TransactionStateManager)
[2026-09-13 11:09:42,428] INFO [TxnMarkerSenderThread-1]: Shutting down (kafka.coordinator.transaction.TransactionMarkerChannelManager)
[2026-09-13 11:09:42,429] INFO [TxnMarkerSenderThread-1]: Shutdown completed (kafka.coordinator.transaction.TransactionMarkerChannelManager)
[2026-09-13 11:09:42,429] INFO [TxnMarkerSenderThread-1]: Stopped (kafka.coordinator.transaction.TransactionMarkerChannelManager)
[2026-09-13 11:09:42,441] INFO [TransactionCoordinator id=1] Shutdown complete. (kafka.coordinator.transaction.TransactionCoordinator)
[2026-09-13 11:09:42,443] INFO [GroupCoordinator id=1] Shutting down. (org.apache.kafka.coordinator.group.GroupCoordinatorService)
[2026-09-13 11:09:42,443] INFO [GroupCoordinator id=1] Closing coordinator runtime. (org.apache.kafka.coordinator.common.runtime.CoordinatorRuntime)
[2026-09-13 11:09:42,447] INFO [group-coordinator-reaper]: Shutting down (org.apache.kafka.server.util.timer.SystemTimerReaper$Reaper)
[2026-09-13 11:09:42,448] INFO [group-coordinator-reaper]: Shutdown completed (org.apache.kafka.server.util.timer.SystemTimerReaper$Reaper)
[2026-09-13 11:09:42,448] INFO [group-coordinator-reaper]: Stopped (org.apache.kafka.server.util.timer.SystemTimerReaper$Reaper)
[2026-09-13 11:09:42,449] INFO [GroupCoordinator id=1] Shutting down event processor. (org.apache.kafka.coordinator.common.runtime.MultiThreadedEventProcessor)
[2026-09-13 11:09:42,449] INFO [group-coordinator-event-processor-0]: Shutting down. Draining the remaining events. (org.apache.kafka.coordinator.common.runtime.MultiThreadedEventProcessor$EventProcessorThread)
[2026-09-13 11:09:42,449] INFO [group-coordinator-event-processor-3]: Shutting down. Draining the remaining events. (org.apache.kafka.coordinator.common.runtime.MultiThreadedEventProcessor$EventProcessorThread)
[2026-09-13 11:09:42,450] INFO [group-coordinator-event-processor-1]: Shutting down. Draining the remaining events. (org.apache.kafka.coordinator.common.runtime.MultiThreadedEventProcessor$EventProcessorThread)
[2026-09-13 11:09:42,450] INFO [group-coordinator-event-processor-2]: Shutting down. Draining the remaining events. (org.apache.kafka.coordinator.common.runtime.MultiThreadedEventProcessor$EventProcessorThread)
[2026-09-13 11:09:42,450] INFO [group-coordinator-event-processor-0]: Shutdown completed (org.apache.kafka.coordinator.common.runtime.MultiThreadedEventProcessor$EventProcessorThread)
[2026-09-13 11:09:42,450] INFO [group-coordinator-event-processor-3]: Shutdown completed (org.apache.kafka.coordinator.common.runtime.MultiThreadedEventProcessor$EventProcessorThread)
[2026-09-13 11:09:42,450] INFO [group-coordinator-event-processor-2]: Shutdown completed (org.apache.kafka.coordinator.common.runtime.MultiThreadedEventProcessor$EventProcessorThread)
[2026-09-13 11:09:42,450] INFO [group-coordinator-event-processor-1]: Shutdown completed (org.apache.kafka.coordinator.common.runtime.MultiThreadedEventProcessor$EventProcessorThread)
[2026-09-13 11:09:42,451] INFO [GroupCoordinator id=1] Event processor closed. (org.apache.kafka.coordinator.common.runtime.MultiThreadedEventProcessor)
[2026-09-13 11:09:42,457] INFO [GroupCoordinator id=1] Coordinator runtime closed. (org.apache.kafka.coordinator.common.runtime.CoordinatorRuntime)
[2026-09-13 11:09:42,461] INFO [GroupCoordinator id=1] Shutdown complete. (org.apache.kafka.coordinator.group.GroupCoordinatorService)
[2026-09-13 11:09:42,463] INFO [network-partition-metadata-client-reaper]: Shutting down (org.apache.kafka.server.util.timer.SystemTimerReaper$Reaper)
[2026-09-13 11:09:42,463] INFO [network-partition-metadata-client-reaper]: Shutdown completed (org.apache.kafka.server.util.timer.SystemTimerReaper$Reaper)
[2026-09-13 11:09:42,463] INFO [network-partition-metadata-client-reaper]: Stopped (org.apache.kafka.server.util.timer.SystemTimerReaper$Reaper)
[2026-09-13 11:09:42,465] INFO [ShareCoordinator id=1] Shutting down. (org.apache.kafka.coordinator.share.ShareCoordinatorService)
[2026-09-13 11:09:42,465] INFO [ShareCoordinator id=1] Closing coordinator runtime. (org.apache.kafka.coordinator.common.runtime.CoordinatorRuntime)
[2026-09-13 11:09:42,465] INFO [share-coordinator-reaper]: Shutting down (org.apache.kafka.server.util.timer.SystemTimerReaper$Reaper)
[2026-09-13 11:09:42,466] INFO [share-coordinator-reaper]: Shutdown completed (org.apache.kafka.server.util.timer.SystemTimerReaper$Reaper)
[2026-09-13 11:09:42,466] INFO [share-coordinator-reaper]: Stopped (org.apache.kafka.server.util.timer.SystemTimerReaper$Reaper)
[2026-09-13 11:09:42,466] INFO [ShareCoordinator id=1] Shutting down event processor. (org.apache.kafka.coordinator.common.runtime.MultiThreadedEventProcessor)
[2026-09-13 11:09:42,467] INFO [share-coordinator-event-processor-0]: Shutting down. Draining the remaining events. (org.apache.kafka.coordinator.common.runtime.MultiThreadedEventProcessor$EventProcessorThread)
[2026-09-13 11:09:42,468] INFO [share-coordinator-event-processor-0]: Shutdown completed (org.apache.kafka.coordinator.common.runtime.MultiThreadedEventProcessor$EventProcessorThread)
[2026-09-13 11:09:42,468] INFO [ShareCoordinator id=1] Event processor closed. (org.apache.kafka.coordinator.common.runtime.MultiThreadedEventProcessor)
[2026-09-13 11:09:42,470] INFO [ShareCoordinator id=1] Coordinator runtime closed. (org.apache.kafka.coordinator.common.runtime.CoordinatorRuntime)
[2026-09-13 11:09:42,474] INFO [ShareCoordinator id=1] Shutdown complete. (org.apache.kafka.coordinator.share.ShareCoordinatorService)
[2026-09-13 11:09:42,476] INFO [AssignmentsManager id=1]KafkaEventQueue#close: shutting down event queue. (org.apache.kafka.queue.KafkaEventQueue)
[2026-09-13 11:09:42,478] INFO [AssignmentsManager id=1] shutting down. (org.apache.kafka.server.AssignmentsManager)
[2026-09-13 11:09:42,478] INFO [broker-1-to-controller-directory-assignments-channel-manager]: Shutting down (org.apache.kafka.server.NodeToControllerRequestThread)
[2026-09-13 11:09:42,479] INFO [broker-1-to-controller-directory-assignments-channel-manager]: Shutdown completed (org.apache.kafka.server.NodeToControllerRequestThread)
[2026-09-13 11:09:42,479] INFO [broker-1-to-controller-directory-assignments-channel-manager]: Stopped (org.apache.kafka.server.NodeToControllerRequestThread)
[2026-09-13 11:09:42,479] INFO Node to controller channel manager for directory-assignments shutdown (org.apache.kafka.server.NodeToControllerChannelManagerImpl)
[2026-09-13 11:09:42,480] INFO [AssignmentsManager id=1]closed event queue. (org.apache.kafka.queue.KafkaEventQueue)
[2026-09-13 11:09:42,481] INFO [ReplicaManager broker=1] Shutting down (kafka.server.ReplicaManager)
[2026-09-13 11:09:42,482] INFO [LogDirFailureHandler]: Shutting down (kafka.server.ReplicaManager$LogDirFailureHandler)
[2026-09-13 11:09:42,483] INFO [LogDirFailureHandler]: Shutdown completed (kafka.server.ReplicaManager$LogDirFailureHandler)
[2026-09-13 11:09:42,483] INFO [LogDirFailureHandler]: Stopped (kafka.server.ReplicaManager$LogDirFailureHandler)
[2026-09-13 11:09:42,484] INFO [ReplicaFetcherManager on broker 1] shutting down (kafka.server.ReplicaFetcherManager)
[2026-09-13 11:09:42,487] INFO [ReplicaFetcherManager on broker 1] shutdown completed (kafka.server.ReplicaFetcherManager)
[2026-09-13 11:09:42,489] INFO [ReplicaAlterLogDirsManager on broker 1] shutting down (kafka.server.ReplicaAlterLogDirsManager)
[2026-09-13 11:09:42,490] INFO [ReplicaAlterLogDirsManager on broker 1] shutdown completed (kafka.server.ReplicaAlterLogDirsManager)
[2026-09-13 11:09:42,491] INFO [ExpirationReaper-1-Fetch]: Shutting down (org.apache.kafka.server.purgatory.DelayedOperationPurgatory$ExpiredOperationReaper)
[2026-09-13 11:09:42,491] INFO [ExpirationReaper-1-Fetch]: Shutdown completed (org.apache.kafka.server.purgatory.DelayedOperationPurgatory$ExpiredOperationReaper)
[2026-09-13 11:09:42,491] INFO [ExpirationReaper-1-Fetch]: Stopped (org.apache.kafka.server.purgatory.DelayedOperationPurgatory$ExpiredOperationReaper)
[2026-09-13 11:09:42,492] INFO [ExpirationReaper-1-RemoteFetch]: Shutting down (org.apache.kafka.server.purgatory.DelayedOperationPurgatory$ExpiredOperationReaper)
[2026-09-13 11:09:42,493] INFO [ExpirationReaper-1-RemoteFetch]: Shutdown completed (org.apache.kafka.server.purgatory.DelayedOperationPurgatory$ExpiredOperationReaper)
[2026-09-13 11:09:42,493] INFO [ExpirationReaper-1-RemoteFetch]: Stopped (org.apache.kafka.server.purgatory.DelayedOperationPurgatory$ExpiredOperationReaper)
[2026-09-13 11:09:42,495] INFO [ExpirationReaper-1-RemoteListOffsets]: Shutting down (org.apache.kafka.server.purgatory.DelayedOperationPurgatory$ExpiredOperationReaper)
[2026-09-13 11:09:42,496] INFO [ExpirationReaper-1-RemoteListOffsets]: Shutdown completed (org.apache.kafka.server.purgatory.DelayedOperationPurgatory$ExpiredOperationReaper)
[2026-09-13 11:09:42,496] INFO [ExpirationReaper-1-RemoteListOffsets]: Stopped (org.apache.kafka.server.purgatory.DelayedOperationPurgatory$ExpiredOperationReaper)
[2026-09-13 11:09:42,497] INFO [ExpirationReaper-1-Produce]: Shutting down (org.apache.kafka.server.purgatory.DelayedOperationPurgatory$ExpiredOperationReaper)
[2026-09-13 11:09:42,498] INFO [ExpirationReaper-1-Produce]: Shutdown completed (org.apache.kafka.server.purgatory.DelayedOperationPurgatory$ExpiredOperationReaper)
[2026-09-13 11:09:42,498] INFO [ExpirationReaper-1-Produce]: Stopped (org.apache.kafka.server.purgatory.DelayedOperationPurgatory$ExpiredOperationReaper)
[2026-09-13 11:09:42,499] INFO [ExpirationReaper-1-DeleteRecords]: Shutting down (org.apache.kafka.server.purgatory.DelayedOperationPurgatory$ExpiredOperationReaper)
[2026-09-13 11:09:42,500] INFO [ExpirationReaper-1-DeleteRecords]: Shutdown completed (org.apache.kafka.server.purgatory.DelayedOperationPurgatory$ExpiredOperationReaper)
[2026-09-13 11:09:42,500] INFO [ExpirationReaper-1-DeleteRecords]: Stopped (org.apache.kafka.server.purgatory.DelayedOperationPurgatory$ExpiredOperationReaper)
[2026-09-13 11:09:42,500] INFO [ExpirationReaper-1-ShareFetch]: Shutting down (org.apache.kafka.server.purgatory.DelayedOperationPurgatory$ExpiredOperationReaper)
[2026-09-13 11:09:42,502] INFO [ExpirationReaper-1-ShareFetch]: Shutdown completed (org.apache.kafka.server.purgatory.DelayedOperationPurgatory$ExpiredOperationReaper)
[2026-09-13 11:09:42,502] INFO [ExpirationReaper-1-ShareFetch]: Stopped (org.apache.kafka.server.purgatory.DelayedOperationPurgatory$ExpiredOperationReaper)
[2026-09-13 11:09:42,518] INFO [AddPartitionsToTxnSenderThread-1]: Shutting down (org.apache.kafka.server.transaction.AddPartitionsToTxnManager)
[2026-09-13 11:09:42,518] INFO [AddPartitionsToTxnSenderThread-1]: Shutdown completed (org.apache.kafka.server.transaction.AddPartitionsToTxnManager)
[2026-09-13 11:09:42,518] INFO [AddPartitionsToTxnSenderThread-1]: Stopped (org.apache.kafka.server.transaction.AddPartitionsToTxnManager)
[2026-09-13 11:09:42,520] INFO [ReplicaManager broker=1] Shut down completely (kafka.server.ReplicaManager)
[2026-09-13 11:09:42,521] INFO [broker-1-to-controller-alter-partition-channel-manager]: Shutting down (org.apache.kafka.server.NodeToControllerRequestThread)
[2026-09-13 11:09:42,522] INFO [broker-1-to-controller-alter-partition-channel-manager]: Shutdown completed (org.apache.kafka.server.NodeToControllerRequestThread)
[2026-09-13 11:09:42,522] INFO [broker-1-to-controller-alter-partition-channel-manager]: Stopped (org.apache.kafka.server.NodeToControllerRequestThread)
[2026-09-13 11:09:42,523] INFO Node to controller channel manager for alter-partition shutdown (org.apache.kafka.server.NodeToControllerChannelManagerImpl)
[2026-09-13 11:09:42,525] INFO [broker-1-to-controller-forwarding-channel-manager]: Shutting down (org.apache.kafka.server.NodeToControllerRequestThread)
[2026-09-13 11:09:42,526] INFO [broker-1-to-controller-forwarding-channel-manager]: Shutdown completed (org.apache.kafka.server.NodeToControllerRequestThread)
[2026-09-13 11:09:42,527] INFO Node to controller channel manager for forwarding shutdown (org.apache.kafka.server.NodeToControllerChannelManagerImpl)
[2026-09-13 11:09:42,526] INFO [broker-1-to-controller-forwarding-channel-manager]: Stopped (org.apache.kafka.server.NodeToControllerRequestThread)
[2026-09-13 11:09:42,530] INFO Shutting down. (kafka.log.LogManager)
[2026-09-13 11:09:42,582] INFO [ProducerStateManager partition=__consumer_offsets-19] Wrote producer snapshot at offset 99 with 0 producer ids in 3 ms. (org.apache.kafka.storage.internals.log.ProducerStateManager)
[2026-09-13 11:09:42,584] INFO [ProducerStateManager partition=booking.created-0] Wrote producer snapshot at offset 110 with 1 producer ids in 4 ms. (org.apache.kafka.storage.internals.log.ProducerStateManager)
[2026-09-13 11:09:42,600] INFO [ProducerStateManager partition=booking.cancelled-0] Wrote producer snapshot at offset 34 with 0 producer ids in 3 ms. (org.apache.kafka.storage.internals.log.ProducerStateManager)
[2026-09-13 11:09:42,618] INFO [ProducerStateManager partition=__consumer_offsets-32] Wrote producer snapshot at offset 174 with 0 producer ids in 3 ms. (org.apache.kafka.storage.internals.log.ProducerStateManager)
[2026-09-13 11:09:42,630] INFO [ProducerStateManager partition=user.registered-0] Wrote producer snapshot at offset 204 with 0 producer ids in 4 ms. (org.apache.kafka.storage.internals.log.ProducerStateManager)
[2026-09-13 11:09:42,644] INFO [ProducerStateManager partition=__consumer_offsets-10] Wrote producer snapshot at offset 270 with 0 producer ids in 4 ms. (org.apache.kafka.storage.internals.log.ProducerStateManager)
[2026-09-13 11:09:42,681] INFO [ProducerStateManager partition=__consumer_offsets-4] Wrote producer snapshot at offset 68 with 0 producer ids in 4 ms. (org.apache.kafka.storage.internals.log.ProducerStateManager)
[2026-09-13 11:09:42,699] INFO [ProducerStateManager partition=__consumer_offsets-34] Wrote producer snapshot at offset 69 with 0 producer ids in 4 ms. (org.apache.kafka.storage.internals.log.ProducerStateManager)
[2026-09-13 11:09:42,804] INFO Shutdown complete. (kafka.log.LogManager)
[2026-09-13 11:09:42,806] INFO [broker-1-ThrottledChannelReaper-Fetch]: Shutting down (org.apache.kafka.server.quota.ClientQuotaManager$ThrottledChannelReaper)
[2026-09-13 11:09:42,810] INFO [broker-1-ThrottledChannelReaper-Fetch]: Shutdown completed (org.apache.kafka.server.quota.ClientQuotaManager$ThrottledChannelReaper)
[2026-09-13 11:09:42,810] INFO [broker-1-ThrottledChannelReaper-Produce]: Shutting down (org.apache.kafka.server.quota.ClientQuotaManager$ThrottledChannelReaper)
[2026-09-13 11:09:42,811] INFO [broker-1-ThrottledChannelReaper-Fetch]: Stopped (org.apache.kafka.server.quota.ClientQuotaManager$ThrottledChannelReaper)
[2026-09-13 11:09:42,811] INFO [broker-1-ThrottledChannelReaper-Produce]: Shutdown completed (org.apache.kafka.server.quota.ClientQuotaManager$ThrottledChannelReaper)
[2026-09-13 11:09:42,812] INFO [broker-1-ThrottledChannelReaper-Request]: Shutting down (org.apache.kafka.server.quota.ClientQuotaManager$ThrottledChannelReaper)
[2026-09-13 11:09:42,811] INFO [broker-1-ThrottledChannelReaper-Produce]: Stopped (org.apache.kafka.server.quota.ClientQuotaManager$ThrottledChannelReaper)
[2026-09-13 11:09:42,813] INFO [broker-1-ThrottledChannelReaper-Request]: Stopped (org.apache.kafka.server.quota.ClientQuotaManager$ThrottledChannelReaper)
[2026-09-13 11:09:42,813] INFO [broker-1-ThrottledChannelReaper-Request]: Shutdown completed (org.apache.kafka.server.quota.ClientQuotaManager$ThrottledChannelReaper)
[2026-09-13 11:09:42,814] INFO [broker-1-ThrottledChannelReaper-ControllerMutation]: Shutting down (org.apache.kafka.server.quota.ClientQuotaManager$ThrottledChannelReaper)
[2026-09-13 11:09:42,815] INFO [broker-1-ThrottledChannelReaper-ControllerMutation]: Shutdown completed (org.apache.kafka.server.quota.ClientQuotaManager$ThrottledChannelReaper)
[2026-09-13 11:09:42,815] INFO [broker-1-ThrottledChannelReaper-ControllerMutation]: Stopped (org.apache.kafka.server.quota.ClientQuotaManager$ThrottledChannelReaper)
[2026-09-13 11:09:42,817] INFO [SocketServer listenerType=BROKER, nodeId=1] Shutting down socket server (kafka.network.SocketServer)
[2026-09-13 11:09:42,905] INFO [SocketServer listenerType=BROKER, nodeId=1] Shutdown completed (kafka.network.SocketServer)
[2026-09-13 11:09:42,907] INFO Broker and topic stats closed (org.apache.kafka.storage.log.metrics.BrokerTopicStats)
[2026-09-13 11:09:42,907] INFO [share-group-lock-timeout-reaper]: Shutting down (org.apache.kafka.server.util.timer.SystemTimerReaper$Reaper)
[2026-09-13 11:09:42,908] INFO [share-group-lock-timeout-reaper]: Shutdown completed (org.apache.kafka.server.util.timer.SystemTimerReaper$Reaper)
[2026-09-13 11:09:42,908] INFO [share-group-lock-timeout-reaper]: Stopped (org.apache.kafka.server.util.timer.SystemTimerReaper$Reaper)
[2026-09-13 11:09:42,913] INFO [PersisterStateManager]: Shutting down (org.apache.kafka.server.share.persister.PersisterStateManager$SendThread)
[2026-09-13 11:09:42,914] INFO [PersisterStateManager]: Shutdown completed (org.apache.kafka.server.share.persister.PersisterStateManager$SendThread)
[2026-09-13 11:09:42,914] INFO [PersisterStateManager]: Stopped (org.apache.kafka.server.share.persister.PersisterStateManager$SendThread)
[2026-09-13 11:09:42,914] INFO [persister-state-manager-reaper]: Shutting down (org.apache.kafka.server.util.timer.SystemTimerReaper$Reaper)
[2026-09-13 11:09:42,915] INFO [persister-state-manager-reaper]: Shutdown completed (org.apache.kafka.server.util.timer.SystemTimerReaper$Reaper)
[2026-09-13 11:09:42,915] INFO [persister-state-manager-reaper]: Stopped (org.apache.kafka.server.util.timer.SystemTimerReaper$Reaper)
[2026-09-13 11:09:42,916] INFO [BrokerLifecycleManager id=1] closed event queue. (org.apache.kafka.queue.KafkaEventQueue)
[2026-09-13 11:09:42,918] INFO [client-metrics-reaper]: Shutting down (org.apache.kafka.server.util.timer.SystemTimerReaper$Reaper)
[2026-09-13 11:09:42,919] INFO [client-metrics-reaper]: Shutdown completed (org.apache.kafka.server.util.timer.SystemTimerReaper$Reaper)
[2026-09-13 11:09:42,919] INFO [client-metrics-reaper]: Stopped (org.apache.kafka.server.util.timer.SystemTimerReaper$Reaper)
[2026-09-13 11:09:42,921] INFO [BrokerServer id=1] shut down completed (kafka.server.BrokerServer)
[2026-09-13 11:09:42,921] INFO [BrokerServer id=1] Transition from SHUTTING_DOWN to SHUTDOWN (kafka.server.BrokerServer)
[2026-09-13 11:09:42,924] INFO [ControllerServer id=1] shutting down (kafka.server.ControllerServer)
[2026-09-13 11:09:42,926] INFO [raft-expiration-reaper]: Shutting down (org.apache.kafka.raft.TimingWheelExpirationService$ExpiredOperationReaper)
[2026-09-13 11:09:42,995] INFO [raft-expiration-reaper]: Shutdown completed (org.apache.kafka.raft.TimingWheelExpirationService$ExpiredOperationReaper)
[2026-09-13 11:09:42,995] INFO [raft-expiration-reaper]: Stopped (org.apache.kafka.raft.TimingWheelExpirationService$ExpiredOperationReaper)
[2026-09-13 11:09:42,997] INFO [kafka-1-raft-io-thread]: Shutting down (org.apache.kafka.raft.KafkaRaftClientDriver)
[2026-09-13 11:09:42,998] INFO [RaftManager id=1] Beginning graceful shutdown (org.apache.kafka.raft.KafkaRaftClient)
[2026-09-13 11:09:43,002] INFO [RaftManager id=1] Graceful shutdown completed (org.apache.kafka.raft.KafkaRaftClient)
[2026-09-13 11:09:43,003] INFO [RaftManager id=1] Completed graceful shutdown of RaftClient (org.apache.kafka.raft.KafkaRaftClientDriver)
[2026-09-13 11:09:43,003] INFO [kafka-1-raft-io-thread]: Stopped (org.apache.kafka.raft.KafkaRaftClientDriver)
[2026-09-13 11:09:43,003] INFO [kafka-1-raft-io-thread]: Shutdown completed (org.apache.kafka.raft.KafkaRaftClientDriver)
[2026-09-13 11:09:43,010] INFO [kafka-1-raft-outbound-request-thread]: Shutting down (org.apache.kafka.raft.KafkaNetworkChannel$SendThread)
[2026-09-13 11:09:43,012] INFO [kafka-1-raft-outbound-request-thread]: Shutdown completed (org.apache.kafka.raft.KafkaNetworkChannel$SendThread)
[2026-09-13 11:09:43,012] INFO [kafka-1-raft-outbound-request-thread]: Stopped (org.apache.kafka.raft.KafkaNetworkChannel$SendThread)
[2026-09-13 11:09:43,018] INFO [ProducerStateManager partition=__cluster_metadata-0] Wrote producer snapshot at offset 55835 with 0 producer ids in 5 ms. (org.apache.kafka.storage.internals.log.ProducerStateManager)
[2026-09-13 11:09:43,025] INFO [ControllerRegistrationManager id=1 incarnation=lb9aR-znTwGUWRZURB9S9w] beginShutdown: shutting down event queue. (org.apache.kafka.queue.KafkaEventQueue)
[2026-09-13 11:09:43,029] INFO [ControllerRegistrationManager id=1 incarnation=lb9aR-znTwGUWRZURB9S9w] shutting down. (kafka.server.ControllerRegistrationManager)
[2026-09-13 11:09:43,030] INFO [controller-1-to-controller-registration-channel-manager]: Shutting down (org.apache.kafka.server.NodeToControllerRequestThread)
[2026-09-13 11:09:43,031] INFO [controller-1-to-controller-registration-channel-manager]: Shutdown completed (org.apache.kafka.server.NodeToControllerRequestThread)
[2026-09-13 11:09:43,031] INFO Node to controller channel manager for registration shutdown (org.apache.kafka.server.NodeToControllerChannelManagerImpl)
[2026-09-13 11:09:43,031] INFO [controller-1-to-controller-registration-channel-manager]: Stopped (org.apache.kafka.server.NodeToControllerRequestThread)
[2026-09-13 11:09:43,031] INFO [ControllerRegistrationManager id=1 incarnation=lb9aR-znTwGUWRZURB9S9w] closed event queue. (org.apache.kafka.queue.KafkaEventQueue)
[2026-09-13 11:09:43,033] INFO [controller-1-to-controller-registration-channel-manager]: Shutdown completed (org.apache.kafka.server.NodeToControllerRequestThread)
[2026-09-13 11:09:43,033] WARN [NodeToControllerChannelManager id=1 name=registration] Attempting to close NetworkClient that has already been closed. (org.apache.kafka.clients.NetworkClient)
[2026-09-13 11:09:43,033] INFO Node to controller channel manager for registration shutdown (org.apache.kafka.server.NodeToControllerChannelManagerImpl)
[2026-09-13 11:09:43,035] INFO [ControllerRegistrationManager id=1 incarnation=lb9aR-znTwGUWRZURB9S9w] closed event queue. (org.apache.kafka.queue.KafkaEventQueue)
[2026-09-13 11:09:43,040] INFO [SocketServer listenerType=CONTROLLER, nodeId=1] Stopping socket server request processors (kafka.network.SocketServer)
[2026-09-13 11:09:43,050] INFO [SocketServer listenerType=CONTROLLER, nodeId=1] Stopped socket server request processors (kafka.network.SocketServer)
[2026-09-13 11:09:43,050] INFO [QuorumController id=1] QuorumController#beginShutdown: shutting down event queue. (org.apache.kafka.queue.KafkaEventQueue)
[2026-09-13 11:09:43,051] INFO [SocketServer listenerType=CONTROLLER, nodeId=1] Shutting down socket server (kafka.network.SocketServer)
[2026-09-13 11:09:43,083] INFO [SocketServer listenerType=CONTROLLER, nodeId=1] Shutdown completed (kafka.network.SocketServer)
[2026-09-13 11:09:43,084] INFO [data-plane Kafka Request Handler on Controller 1] shutting down (kafka.server.KafkaRequestHandlerPool)
[2026-09-13 11:09:43,086] INFO [data-plane Kafka Request Handler on Controller 1] shut down completely (kafka.server.KafkaRequestHandlerPool)
[2026-09-13 11:09:43,087] INFO [ExpirationReaper-1-AlterAcls]: Shutting down (org.apache.kafka.server.purgatory.DelayedOperationPurgatory$ExpiredOperationReaper)
[2026-09-13 11:09:43,088] INFO [ExpirationReaper-1-AlterAcls]: Shutdown completed (org.apache.kafka.server.purgatory.DelayedOperationPurgatory$ExpiredOperationReaper)
[2026-09-13 11:09:43,088] INFO [ExpirationReaper-1-AlterAcls]: Stopped (org.apache.kafka.server.purgatory.DelayedOperationPurgatory$ExpiredOperationReaper)
[2026-09-13 11:09:43,089] INFO [controller-1-ThrottledChannelReaper-Fetch]: Shutting down (org.apache.kafka.server.quota.ClientQuotaManager$ThrottledChannelReaper)
[2026-09-13 11:09:43,090] INFO [controller-1-ThrottledChannelReaper-Fetch]: Shutdown completed (org.apache.kafka.server.quota.ClientQuotaManager$ThrottledChannelReaper)
[2026-09-13 11:09:43,090] INFO [controller-1-ThrottledChannelReaper-Produce]: Shutting down (org.apache.kafka.server.quota.ClientQuotaManager$ThrottledChannelReaper)
[2026-09-13 11:09:43,090] INFO [controller-1-ThrottledChannelReaper-Fetch]: Stopped (org.apache.kafka.server.quota.ClientQuotaManager$ThrottledChannelReaper)
[2026-09-13 11:09:43,091] INFO [controller-1-ThrottledChannelReaper-Produce]: Shutdown completed (org.apache.kafka.server.quota.ClientQuotaManager$ThrottledChannelReaper)
[2026-09-13 11:09:43,091] INFO [controller-1-ThrottledChannelReaper-Request]: Shutting down (org.apache.kafka.server.quota.ClientQuotaManager$ThrottledChannelReaper)
[2026-09-13 11:09:43,091] INFO [controller-1-ThrottledChannelReaper-Produce]: Stopped (org.apache.kafka.server.quota.ClientQuotaManager$ThrottledChannelReaper)
[2026-09-13 11:09:43,093] INFO [controller-1-ThrottledChannelReaper-Request]: Shutdown completed (org.apache.kafka.server.quota.ClientQuotaManager$ThrottledChannelReaper)
[2026-09-13 11:09:43,093] INFO [controller-1-ThrottledChannelReaper-Request]: Stopped (org.apache.kafka.server.quota.ClientQuotaManager$ThrottledChannelReaper)
[2026-09-13 11:09:43,093] INFO [controller-1-ThrottledChannelReaper-ControllerMutation]: Shutting down (org.apache.kafka.server.quota.ClientQuotaManager$ThrottledChannelReaper)
[2026-09-13 11:09:43,095] INFO [controller-1-ThrottledChannelReaper-ControllerMutation]: Shutdown completed (org.apache.kafka.server.quota.ClientQuotaManager$ThrottledChannelReaper)
[2026-09-13 11:09:43,095] INFO [QuorumController id=1] closed event queue. (org.apache.kafka.queue.KafkaEventQueue)
[2026-09-13 11:09:43,095] INFO [controller-1-ThrottledChannelReaper-ControllerMutation]: Stopped (org.apache.kafka.server.quota.ClientQuotaManager$ThrottledChannelReaper)
[2026-09-13 11:09:43,100] INFO [SharedServer id=1] Stopping SharedServer (kafka.server.SharedServer)
[2026-09-13 11:09:43,101] INFO [MetadataLoader id=1] beginShutdown: shutting down event queue. (org.apache.kafka.queue.KafkaEventQueue)
[2026-09-13 11:09:43,101] INFO [SnapshotGenerator id=1] beginShutdown: shutting down event queue. (org.apache.kafka.queue.KafkaEventQueue)
[2026-09-13 11:09:43,101] INFO [SnapshotGenerator id=1] closed event queue. (org.apache.kafka.queue.KafkaEventQueue)
[2026-09-13 11:09:43,102] INFO [MetadataLoader id=1] closed event queue. (org.apache.kafka.queue.KafkaEventQueue)
[2026-09-13 11:09:43,103] INFO [SnapshotGenerator id=1] closed event queue. (org.apache.kafka.queue.KafkaEventQueue)
[2026-09-13 11:09:43,105] INFO Metrics scheduler closed (org.apache.kafka.common.metrics.Metrics)
[2026-09-13 11:09:43,105] INFO Closing reporter org.apache.kafka.common.metrics.JmxReporter (org.apache.kafka.common.metrics.Metrics)
[2026-09-13 11:09:43,105] INFO Metrics reporters closed (org.apache.kafka.common.metrics.Metrics)
[2026-09-13 11:09:43,106] INFO App info kafka.server for 1 unregistered (org.apache.kafka.common.utils.AppInfoParser)
[2026-09-13 11:09:43,107] INFO App info kafka.server for 1 unregistered (org.apache.kafka.common.utils.AppInfoParser)
