[2026-09-13 11:09:42,294] INFO [Broker id=1] Transitioning 56 partition(s) to local followers. (state.change.logger)
[2026-09-13 11:09:42,302] INFO [Broker id=1] Follower __consumer_offsets-13 starts at leader epoch 5 from offset 0 with partition epoch 5 and high watermark 0. Current leader is -1. Previous leader Some(1) and previous leader epoch was 4. (state.change.logger)
[2026-09-13 11:09:42,303] INFO [Broker id=1] Follower __consumer_offsets-46 starts at leader epoch 5 from offset 0 with partition epoch 5 and high watermark 0. Current leader is -1. Previous leader Some(1) and previous leader epoch was 4. (state.change.logger)
[2026-09-13 11:09:42,303] INFO [Broker id=1] Follower payment.failed-0 starts at leader epoch 5 from offset 0 with partition epoch 5 and high watermark 0. Current leader is -1. Previous leader Some(1) and previous leader epoch was 4. (state.change.logger)
[2026-09-13 11:09:42,304] INFO [Broker id=1] Follower __consumer_offsets-9 starts at leader epoch 5 from offset 0 with partition epoch 5 and high watermark 0. Current leader is -1. Previous leader Some(1) and previous leader epoch was 4. (state.change.logger)
[2026-09-13 11:09:42,304] INFO [Broker id=1] Follower __consumer_offsets-42 starts at leader epoch 5 from offset 0 with partition epoch 5 and high watermark 0. Current leader is -1. Previous leader Some(1) and previous leader epoch was 4. (state.change.logger)
[2026-09-13 11:09:42,304] INFO [Broker id=1] Follower __consumer_offsets-21 starts at leader epoch 5 from offset 0 with partition epoch 5 and high watermark 0. Current leader is -1. Previous leader Some(1) and previous leader epoch was 4. (state.change.logger)
[2026-09-13 11:09:42,304] INFO [Broker id=1] Follower __consumer_offsets-17 starts at leader epoch 5 from offset 0 with partition epoch 5 and high watermark 0. Current leader is -1. Previous leader Some(1) and previous leader epoch was 4. (state.change.logger)
[2026-09-13 11:09:42,305] INFO [Broker id=1] Follower __consumer_offsets-30 starts at leader epoch 5 from offset 0 with partition epoch 5 and high watermark 0. Current leader is -1. Previous leader Some(1) and previous leader epoch was 4. (state.change.logger)
[2026-09-13 11:09:42,305] INFO [Broker id=1] Follower __consumer_offsets-26 starts at leader epoch 5 from offset 0 with partition epoch 5 and high watermark 0. Current leader is -1. Previous leader Some(1) and previous leader epoch was 4. (state.change.logger)
[2026-09-13 11:09:42,305] INFO [Broker id=1] Follower __consumer_offsets-5 starts at leader epoch 5 from offset 0 with partition epoch 5 and high watermark 0. Current leader is -1. Previous leader Some(1) and previous leader epoch was 4. (state.change.logger)
[2026-09-13 11:09:42,306] INFO [Broker id=1] Follower __consumer_offsets-38 starts at leader epoch 5 from offset 0 with partition epoch 5 and high watermark 0. Current leader is -1. Previous leader Some(1) and previous leader epoch was 4. (state.change.logger)
[2026-09-13 11:09:42,306] INFO [Broker id=1] Follower __consumer_offsets-1 starts at leader epoch 5 from offset 0 with partition epoch 5 and high watermark 0. Current leader is -1. Previous leader Some(1) and previous leader epoch was 4. (state.change.logger)
[2026-09-13 11:09:42,306] INFO [Broker id=1] Follower __consumer_offsets-34 starts at leader epoch 5 from offset 69 with partition epoch 5 and high watermark 69. Current leader is -1. Previous leader Some(1) and previous leader epoch was 4. (state.change.logger)
[2026-09-13 11:09:42,306] INFO [Broker id=1] Follower user.registered-0 starts at leader epoch 5 from offset 204 with partition epoch 5 and high watermark 204. Current leader is -1. Previous leader Some(1) and previous leader epoch was 4. (state.change.logger)
[2026-09-13 11:09:42,306] INFO [Broker id=1] Follower __consumer_offsets-16 starts at leader epoch 5 from offset 4 with partition epoch 5 and high watermark 4. Current leader is -1. Previous leader Some(1) and previous leader epoch was 4. (state.change.logger)
[2026-09-13 11:09:42,306] INFO [Broker id=1] Follower __consumer_offsets-45 starts at leader epoch 5 from offset 0 with partition epoch 5 and high watermark 0. Current leader is -1. Previous leader Some(1) and previous leader epoch was 4. (state.change.logger)
[2026-09-13 11:09:42,306] INFO [Broker id=1] Follower __consumer_offsets-12 starts at leader epoch 5 from offset 0 with partition epoch 5 and high watermark 0. Current leader is -1. Previous leader Some(1) and previous leader epoch was 4. (state.change.logger)
[2026-09-13 11:09:42,307] INFO [Broker id=1] Follower __consumer_offsets-41 starts at leader epoch 5 from offset 0 with partition epoch 5 and high watermark 0. Current leader is -1. Previous leader Some(1) and previous leader epoch was 4. (state.change.logger)
[2026-09-13 11:09:42,307] INFO [Broker id=1] Follower __consumer_offsets-24 starts at leader epoch 5 from offset 0 with partition epoch 5 and high watermark 0. Current leader is -1. Previous leader Some(1) and previous leader epoch was 4. (state.change.logger)
[2026-09-13 11:09:42,307] INFO [Broker id=1] Follower __consumer_offsets-20 starts at leader epoch 5 from offset 10 with partition epoch 5 and high watermark 10. Current leader is -1. Previous leader Some(1) and previous leader epoch was 4. (state.change.logger)
[2026-09-13 11:09:42,307] INFO [Broker id=1] Follower __consumer_offsets-49 starts at leader epoch 5 from offset 0 with partition epoch 5 and high watermark 0. Current leader is -1. Previous leader Some(1) and previous leader epoch was 4. (state.change.logger)
[2026-09-13 11:09:42,307] INFO [Broker id=1] Follower __consumer_offsets-0 starts at leader epoch 5 from offset 0 with partition epoch 5 and high watermark 0. Current leader is -1. Previous leader Some(1) and previous leader epoch was 4. (state.change.logger)
[2026-09-13 11:09:42,307] INFO [Broker id=1] Follower __consumer_offsets-29 starts at leader epoch 5 from offset 0 with partition epoch 5 and high watermark 0. Current leader is -1. Previous leader Some(1) and previous leader epoch was 4. (state.change.logger)
[2026-09-13 11:09:42,307] INFO [Broker id=1] Follower __consumer_offsets-25 starts at leader epoch 5 from offset 0 with partition epoch 5 and high watermark 0. Current leader is -1. Previous leader Some(1) and previous leader epoch was 4. (state.change.logger)
[2026-09-13 11:09:42,307] INFO [Broker id=1] Follower __consumer_offsets-8 starts at leader epoch 5 from offset 0 with partition epoch 5 and high watermark 0. Current leader is -1. Previous leader Some(1) and previous leader epoch was 4. (state.change.logger)
[2026-09-13 11:09:42,307] INFO [Broker id=1] Follower __consumer_offsets-37 starts at leader epoch 5 from offset 0 with partition epoch 5 and high watermark 0. Current leader is -1. Previous leader Some(1) and previous leader epoch was 4. (state.change.logger)
[2026-09-13 11:09:42,307] INFO [Broker id=1] Follower __consumer_offsets-4 starts at leader epoch 5 from offset 68 with partition epoch 5 and high watermark 68. Current leader is -1. Previous leader Some(1) and previous leader epoch was 4. (state.change.logger)
[2026-09-13 11:09:42,308] INFO [Broker id=1] Follower __consumer_offsets-33 starts at leader epoch 5 from offset 0 with partition epoch 5 and high watermark 0. Current leader is -1. Previous leader Some(1) and previous leader epoch was 4. (state.change.logger)
[2026-09-13 11:09:42,308] INFO [Broker id=1] Follower __consumer_offsets-15 starts at leader epoch 5 from offset 0 with partition epoch 5 and high watermark 0. Current leader is -1. Previous leader Some(1) and previous leader epoch was 4. (state.change.logger)
[2026-09-13 11:09:42,308] INFO [Broker id=1] Follower __consumer_offsets-48 starts at leader epoch 5 from offset 0 with partition epoch 5 and high watermark 0. Current leader is -1. Previous leader Some(1) and previous leader epoch was 4. (state.change.logger)
[2026-09-13 11:09:42,308] INFO [Broker id=1] Follower __consumer_offsets-11 starts at leader epoch 5 from offset 0 with partition epoch 5 and high watermark 0. Current leader is -1. Previous leader Some(1) and previous leader epoch was 4. (state.change.logger)
[2026-09-13 11:09:42,308] INFO [Broker id=1] Follower __consumer_offsets-44 starts at leader epoch 5 from offset 0 with partition epoch 5 and high watermark 0. Current leader is -1. Previous leader Some(1) and previous leader epoch was 4. (state.change.logger)
[2026-09-13 11:09:42,308] INFO [Broker id=1] Follower __consumer_offsets-23 starts at leader epoch 5 from offset 0 with partition epoch 5 and high watermark 0. Current leader is -1. Previous leader Some(1) and previous leader epoch was 4. (state.change.logger)
[2026-09-13 11:09:42,308] INFO [Broker id=1] Follower __consumer_offsets-19 starts at leader epoch 5 from offset 99 with partition epoch 5 and high watermark 99. Current leader is -1. Previous leader Some(1) and previous leader epoch was 4. (state.change.logger)
[2026-09-13 11:09:42,308] INFO [Broker id=1] Follower __consumer_offsets-32 starts at leader epoch 5 from offset 174 with partition epoch 5 and high watermark 174. Current leader is -1. Previous leader Some(1) and previous leader epoch was 4. (state.change.logger)
[2026-09-13 11:09:42,308] INFO [Broker id=1] Follower payment.completed-0 starts at leader epoch 5 from offset 0 with partition epoch 5 and high watermark 0. Current leader is -1. Previous leader Some(1) and previous leader epoch was 4. (state.change.logger)
[2026-09-13 11:09:42,308] INFO [Broker id=1] Follower __consumer_offsets-28 starts at leader epoch 5 from offset 0 with partition epoch 5 and high watermark 0. Current leader is -1. Previous leader Some(1) and previous leader epoch was 4. (state.change.logger)
[2026-09-13 11:09:42,309] INFO [Broker id=1] Follower __consumer_offsets-7 starts at leader epoch 5 from offset 0 with partition epoch 5 and high watermark 0. Current leader is -1. Previous leader Some(1) and previous leader epoch was 4. (state.change.logger)
[2026-09-13 11:09:42,309] INFO [Broker id=1] Follower __consumer_offsets-40 starts at leader epoch 5 from offset 0 with partition epoch 5 and high watermark 0. Current leader is -1. Previous leader Some(1) and previous leader epoch was 4. (state.change.logger)
[2026-09-13 11:09:42,309] INFO [Broker id=1] Follower __consumer_offsets-3 starts at leader epoch 5 from offset 0 with partition epoch 5 and high watermark 0. Current leader is -1. Previous leader Some(1) and previous leader epoch was 4. (state.change.logger)
[2026-09-13 11:09:42,309] INFO [Broker id=1] Follower __consumer_offsets-36 starts at leader epoch 5 from offset 0 with partition epoch 5 and high watermark 0. Current leader is -1. Previous leader Some(1) and previous leader epoch was 4. (state.change.logger)
[2026-09-13 11:09:42,309] INFO [Broker id=1] Follower __consumer_offsets-47 starts at leader epoch 5 from offset 0 with partition epoch 5 and high watermark 0. Current leader is -1. Previous leader Some(1) and previous leader epoch was 4. (state.change.logger)
[2026-09-13 11:09:42,309] INFO [Broker id=1] Follower __consumer_offsets-14 starts at leader epoch 5 from offset 0 with partition epoch 5 and high watermark 0. Current leader is -1. Previous leader Some(1) and previous leader epoch was 4. (state.change.logger)
[2026-09-13 11:09:42,309] INFO [Broker id=1] Follower __consumer_offsets-43 starts at leader epoch 5 from offset 0 with partition epoch 5 and high watermark 0. Current leader is -1. Previous leader Some(1) and previous leader epoch was 4. (state.change.logger)
[2026-09-13 11:09:42,309] INFO [Broker id=1] Follower __consumer_offsets-10 starts at leader epoch 5 from offset 270 with partition epoch 5 and high watermark 270. Current leader is -1. Previous leader Some(1) and previous leader epoch was 4. (state.change.logger)
[2026-09-13 11:09:42,309] INFO [Broker id=1] Follower __consumer_offsets-22 starts at leader epoch 5 from offset 0 with partition epoch 5 and high watermark 0. Current leader is -1. Previous leader Some(1) and previous leader epoch was 4. (state.change.logger)
[2026-09-13 11:09:42,309] INFO [Broker id=1] Follower __consumer_offsets-18 starts at leader epoch 5 from offset 0 with partition epoch 5 and high watermark 0. Current leader is -1. Previous leader Some(1) and previous leader epoch was 4. (state.change.logger)
[2026-09-13 11:09:42,309] INFO [Broker id=1] Follower __consumer_offsets-31 starts at leader epoch 5 from offset 0 with partition epoch 5 and high watermark 0. Current leader is -1. Previous leader Some(1) and previous leader epoch was 4. (state.change.logger)
[2026-09-13 11:09:42,310] INFO [Broker id=1] Follower booking.cancelled-0 starts at leader epoch 5 from offset 34 with partition epoch 5 and high watermark 34. Current leader is -1. Previous leader Some(1) and previous leader epoch was 4. (state.change.logger)
[2026-09-13 11:09:42,310] INFO [Broker id=1] Follower __consumer_offsets-27 starts at leader epoch 5 from offset 0 with partition epoch 5 and high watermark 0. Current leader is -1. Previous leader Some(1) and previous leader epoch was 4. (state.change.logger)
[2026-09-13 11:09:42,310] INFO [Broker id=1] Follower booking.created-0 starts at leader epoch 5 from offset 110 with partition epoch 5 and high watermark 110. Current leader is -1. Previous leader Some(1) and previous leader epoch was 4. (state.change.logger)
[2026-09-13 11:09:42,310] INFO [Broker id=1] Follower __consumer_offsets-39 starts at leader epoch 5 from offset 0 with partition epoch 5 and high watermark 0. Current leader is -1. Previous leader Some(1) and previous leader epoch was 4. (state.change.logger)
[2026-09-13 11:09:42,310] INFO [Broker id=1] Follower orders-0 starts at leader epoch 5 from offset 0 with partition epoch 5 and high watermark 0. Current leader is -1. Previous leader Some(1) and previous leader epoch was 4. (state.change.logger)
[2026-09-13 11:09:42,311] INFO [Broker id=1] Follower __consumer_offsets-6 starts at leader epoch 5 from offset 0 with partition epoch 5 and high watermark 0. Current leader is -1. Previous leader Some(1) and previous leader epoch was 4. (state.change.logger)
[2026-09-13 11:09:42,311] INFO [Broker id=1] Follower __consumer_offsets-35 starts at leader epoch 5 from offset 0 with partition epoch 5 and high watermark 0. Current leader is -1. Previous leader Some(1) and previous leader epoch was 4. (state.change.logger)
[2026-09-13 11:09:42,311] INFO [Broker id=1] Follower __consumer_offsets-2 starts at leader epoch 5 from offset 0 with partition epoch 5 and high watermark 0. Current leader is -1. Previous leader Some(1) and previous leader epoch was 4. (state.change.logger)
[2026-09-13 11:09:42,378] INFO [Broker id=1] Stopped fetchers as part of controlled shutdown for 56 partitions (state.change.logger)
